check-create-item.ts(1,39): error TS2307: Cannot find module './src/repositories/prisma/prisma-items-repository' or its corresponding type declarations.
check-create-item.ts(2,40): error TS2307: Cannot find module './src/repositories/prisma/prisma-stocks-repository' or its corresponding type declarations.
check-create-item.ts(3,29): error TS2307: Cannot find module './src/use-cases/item' or its corresponding type declarations.
check-create-item.ts(4,10): error TS2305: Module '"@prisma/client"' has no exported member 'ItemType'.
prisma/fix-finance.ts(16,13): error TS2353: Object literal may only specify known properties, and 'date' does not exist in type 'TransactionWhereInput'.
prisma/seed-finance.ts(320,17): error TS2353: Object literal may only specify known properties, and 'date' does not exist in type 'TransactionWhereInput'.
prisma/seed-finance.ts(332,21): error TS2353: Object literal may only specify known properties, and 'date' does not exist in type 'Without<TransactionCreateInput, TransactionUncheckedCreateInput> & TransactionUncheckedCreateInput'.
prisma/seed.ts(110,38): error TS2339: Property 'item' does not exist on type 'PrismaClient<PrismaClientOptions, never, DefaultArgs>'.
prisma/seed.ts(127,17): error TS2353: Object literal may only specify known properties, and 'item_id' does not exist in type '(Without<StockCreateInput, StockUncheckedCreateInput> & StockUncheckedCreateInput) | (Without<...> & StockCreateInput)'.
prisma/seed.ts(164,25): error TS2353: Object literal may only specify known properties, and 'date' does not exist in type 'Without<TransactionCreateInput, TransactionUncheckedCreateInput> & TransactionUncheckedCreateInput'.
prisma/seed.ts(187,25): error TS2353: Object literal may only specify known properties, and 'date' does not exist in type 'Without<TransactionCreateInput, TransactionUncheckedCreateInput> & TransactionUncheckedCreateInput'.
prisma/seed.ts(214,29): error TS2353: Object literal may only specify known properties, and 'date' does not exist in type 'Without<TransactionCreateInput, TransactionUncheckedCreateInput> & TransactionUncheckedCreateInput'.
prisma/seed.ts(234,29): error TS2353: Object literal may only specify known properties, and 'date' does not exist in type 'Without<TransactionCreateInput, TransactionUncheckedCreateInput> & TransactionUncheckedCreateInput'.
prisma/seed.ts(246,29): error TS2353: Object literal may only specify known properties, and 'item_id' does not exist in type '(Without<StockCreateInput, StockUncheckedCreateInput> & StockUncheckedCreateInput) | (Without<...> & StockCreateInput)'.
prisma/seed.ts(260,34): error TS2339: Property 'item' does not exist on type 'PrismaClient<PrismaClientOptions, never, DefaultArgs>'.
prisma/vitest-environment-prisma/prisma-test-environment.ts(4,10): error TS2305: Module '"vitest/environments"' has no exported member 'Environment'.
src/modules/clients/repositories/in-memory/in-memory-clients-repository.ts(9,11): error TS2416: Property 'findByName' in type 'InMemoryClientsRepository' is not assignable to the same property in base type 'ClientsRepository'.
  Type '(name: string) => Promise<{ id: string; name: string; identification: string; phone: string | null; email: string; contract: boolean; }[] | null>' is not assignable to type '(name: string) => Promise<{ id: string; name: string; created_at: Date; updated_at: Date; email: string | null; contact: string | null; phone: string | null; identification: string | null; contract: boolean; isEnterprise: boolean; }[] | null>'.
    Type 'Promise<{ id: string; name: string; identification: string; phone: string | null; email: string; contract: boolean; }[] | null>' is not assignable to type 'Promise<{ id: string; name: string; created_at: Date; updated_at: Date; email: string | null; contact: string | null; phone: string | null; identification: string | null; contract: boolean; isEnterprise: boolean; }[] | null>'.
      Type '{ id: string; name: string; identification: string; phone: string | null; email: string; contract: boolean; }[] | null' is not assignable to type '{ id: string; name: string; created_at: Date; updated_at: Date; email: string | null; contact: string | null; phone: string | null; identification: string | null; contract: boolean; isEnterprise: boolean; }[] | null'.
        Type '{ id: string; name: string; identification: string; phone: string | null; email: string; contract: boolean; }[]' is not assignable to type '{ id: string; name: string; created_at: Date; updated_at: Date; email: string | null; contact: string | null; phone: string | null; identification: string | null; contract: boolean; isEnterprise: boolean; }[]'.
          Type '{ id: string; name: string; identification: string; phone: string | null; email: string; contract: boolean; }' is missing the following properties from type '{ id: string; name: string; created_at: Date; updated_at: Date; email: string | null; contact: string | null; phone: string | null; identification: string | null; contract: boolean; isEnterprise: boolean; }': created_at, updated_at, contact, isEnterprise
src/modules/clients/repositories/in-memory/in-memory-clients-repository.ts(11,9): error TS2322: Type '{ id: string; name: string; created_at: Date; updated_at: Date; email: string | null; contact: string | null; phone: string | null; identification: string | null; contract: boolean; isEnterprise: boolean; }[] | null' is not assignable to type '{ id: string; name: string; identification: string; phone: string | null; email: string; contract: boolean; }[] | null'.
  Type '{ id: string; name: string; created_at: Date; updated_at: Date; email: string | null; contact: string | null; phone: string | null; identification: string | null; contract: boolean; isEnterprise: boolean; }[]' is not assignable to type '{ id: string; name: string; identification: string; phone: string | null; email: string; contract: boolean; }[]'.
    Type '{ id: string; name: string; created_at: Date; updated_at: Date; email: string | null; contact: string | null; phone: string | null; identification: string | null; contract: boolean; isEnterprise: boolean; }' is not assignable to type '{ id: string; name: string; identification: string; phone: string | null; email: string; contract: boolean; }'.
      Types of property 'identification' are incompatible.
        Type 'string | null' is not assignable to type 'string'.
          Type 'null' is not assignable to type 'string'.
src/modules/clients/repositories/in-memory/in-memory-clients-repository.ts(13,11): error TS2416: Property 'findMany' in type 'InMemoryClientsRepository' is not assignable to the same property in base type 'ClientsRepository'.
  Type '(is_contract?: boolean | undefined) => Promise<{ id: string; name: string; identification: string; phone: string | null; email: string; contract: boolean; }[] | null>' is not assignable to type '(is_contract?: boolean | undefined) => Promise<{ id: string; name: string; created_at: Date; updated_at: Date; email: string | null; contact: string | null; phone: string | null; identification: string | null; contract: boolean; isEnterprise: boolean; }[] | null>'.
    Type 'Promise<{ id: string; name: string; identification: string; phone: string | null; email: string; contract: boolean; }[] | null>' is not assignable to type 'Promise<{ id: string; name: string; created_at: Date; updated_at: Date; email: string | null; contact: string | null; phone: string | null; identification: string | null; contract: boolean; isEnterprise: boolean; }[] | null>'.
      Type '{ id: string; name: string; identification: string; phone: string | null; email: string; contract: boolean; }[] | null' is not assignable to type '{ id: string; name: string; created_at: Date; updated_at: Date; email: string | null; contact: string | null; phone: string | null; identification: string | null; contract: boolean; isEnterprise: boolean; }[] | null'.
        Type '{ id: string; name: string; identification: string; phone: string | null; email: string; contract: boolean; }[]' is not assignable to type '{ id: string; name: string; created_at: Date; updated_at: Date; email: string | null; contact: string | null; phone: string | null; identification: string | null; contract: boolean; isEnterprise: boolean; }[]'.
          Type '{ id: string; name: string; identification: string; phone: string | null; email: string; contract: boolean; }' is missing the following properties from type '{ id: string; name: string; created_at: Date; updated_at: Date; email: string | null; contact: string | null; phone: string | null; identification: string | null; contract: boolean; isEnterprise: boolean; }': created_at, updated_at, contact, isEnterprise
src/modules/clients/repositories/in-memory/in-memory-clients-repository.ts(20,9): error TS2322: Type '{ id: string; name: string; created_at: Date; updated_at: Date; email: string | null; contact: string | null; phone: string | null; identification: string | null; contract: boolean; isEnterprise: boolean; }[] | null' is not assignable to type '{ id: string; name: string; identification: string; phone: string | null; email: string; contract: boolean; }[] | null'.
  Type '{ id: string; name: string; created_at: Date; updated_at: Date; email: string | null; contact: string | null; phone: string | null; identification: string | null; contract: boolean; isEnterprise: boolean; }[]' is not assignable to type '{ id: string; name: string; identification: string; phone: string | null; email: string; contract: boolean; }[]'.
    Type '{ id: string; name: string; created_at: Date; updated_at: Date; email: string | null; contact: string | null; phone: string | null; identification: string | null; contract: boolean; isEnterprise: boolean; }' is not assignable to type '{ id: string; name: string; identification: string; phone: string | null; email: string; contract: boolean; }'.
      Types of property 'identification' are incompatible.
        Type 'string | null' is not assignable to type 'string'.
          Type 'null' is not assignable to type 'string'.
src/modules/clients/repositories/in-memory/in-memory-clients-repository.ts(22,11): error TS2416: Property 'update' in type 'InMemoryClientsRepository' is not assignable to the same property in base type 'ClientsRepository'.
  Type '(data: ClientUpdateInput) => Promise<{ id: string; name: string; identification: string; phone: string | null; email: string; contract: boolean; }[]>' is not assignable to type '(data: ClientUpdateInput) => Promise<{ id: string; name: string; created_at: Date; updated_at: Date; email: string | null; contact: string | null; phone: string | null; identification: string | null; contract: boolean; isEnterprise: boolean; }[]>'.
    Type 'Promise<{ id: string; name: string; identification: string; phone: string | null; email: string; contract: boolean; }[]>' is not assignable to type 'Promise<{ id: string; name: string; created_at: Date; updated_at: Date; email: string | null; contact: string | null; phone: string | null; identification: string | null; contract: boolean; isEnterprise: boolean; }[]>'.
      Type '{ id: string; name: string; identification: string; phone: string | null; email: string; contract: boolean; }[]' is not assignable to type '{ id: string; name: string; created_at: Date; updated_at: Date; email: string | null; contact: string | null; phone: string | null; identification: string | null; contract: boolean; isEnterprise: boolean; }[]'.
        Type '{ id: string; name: string; identification: string; phone: string | null; email: string; contract: boolean; }' is missing the following properties from type '{ id: string; name: string; created_at: Date; updated_at: Date; email: string | null; contact: string | null; phone: string | null; identification: string | null; contract: boolean; isEnterprise: boolean; }': created_at, updated_at, contact, isEnterprise
src/modules/clients/repositories/in-memory/in-memory-clients-repository.ts(49,11): error TS2416: Property 'create' in type 'InMemoryClientsRepository' is not assignable to the same property in base type 'ClientsRepository'.
  Type '(data: ClientCreateInput) => Promise<{ id: `${string}-${string}-${string}-${string}-${string}`; name: string; email: string | null | undefined; identification: string | null | undefined; phone: string | null; contract: boolean; }>' is not assignable to type '(data: ClientCreateInput) => Promise<{ id: string; name: string; created_at: Date; updated_at: Date; email: string | null; contact: string | null; phone: string | null; identification: string | null; contract: boolean; isEnterprise: boolean; }>'.
    Type 'Promise<{ id: `${string}-${string}-${string}-${string}-${string}`; name: string; email: string | null | undefined; identification: string | null | undefined; phone: string | null; contract: boolean; }>' is not assignable to type 'Promise<{ id: string; name: string; created_at: Date; updated_at: Date; email: string | null; contact: string | null; phone: string | null; identification: string | null; contract: boolean; isEnterprise: boolean; }>'.
      Type '{ id: `${string}-${string}-${string}-${string}-${string}`; name: string; email: string | null | undefined; identification: string | null | undefined; phone: string | null; contract: boolean; }' is missing the following properties from type '{ id: string; name: string; created_at: Date; updated_at: Date; email: string | null; contact: string | null; phone: string | null; identification: string | null; contract: boolean; isEnterprise: boolean; }': created_at, updated_at, contact, isEnterprise
src/modules/clients/repositories/in-memory/in-memory-clients-repository.ts(58,25): error TS2345: Argument of type '{ id: `${string}-${string}-${string}-${string}-${string}`; name: string; email: string | null | undefined; identification: string | null | undefined; phone: string | null; contract: boolean; }' is not assignable to parameter of type '{ id: string; name: string; created_at: Date; updated_at: Date; email: string | null; contact: string | null; phone: string | null; identification: string | null; contract: boolean; isEnterprise: boolean; }'.
src/modules/clients/repositories/in-memory/in-memory-interactions-repository.ts(10,11): error TS2416: Property 'create' in type 'InMemoryInteractionsRepository' is not assignable to the same property in base type 'InteractionsRepository'.
  Type '(data: InteractionUncheckedCreateInput) => Promise<{ id: `${string}-${string}-${string}-${string}-${string}`; user_id: string; treatment_id: string; date: Date; description: string; }>' is not assignable to type '(data: InteractionUncheckedCreateInput) => Promise<{ id: string; created_at: Date; updated_at: Date; user_id: string; date: Date; description: string; treatment_id: string; }>'.
    Type 'Promise<{ id: `${string}-${string}-${string}-${string}-${string}`; user_id: string; treatment_id: string; date: Date; description: string; }>' is not assignable to type 'Promise<{ id: string; created_at: Date; updated_at: Date; user_id: string; date: Date; description: string; treatment_id: string; }>'.
      Type '{ id: `${string}-${string}-${string}-${string}-${string}`; user_id: string; treatment_id: string; date: Date; description: string; }' is missing the following properties from type '{ id: string; created_at: Date; updated_at: Date; user_id: string; date: Date; description: string; treatment_id: string; }': created_at, updated_at
src/modules/clients/repositories/in-memory/in-memory-interactions-repository.ts(15,28): error TS2769: No overload matches this call.
  Overload 1 of 5, '(value: string | number | Date): Date', gave the following error.
    Argument of type 'string | Date | undefined' is not assignable to parameter of type 'string | number | Date'.
      Type 'undefined' is not assignable to type 'string | number | Date'.
  Overload 2 of 5, '(vd: VarDate): Date', gave the following error.
    Argument of type 'string | Date | undefined' is not assignable to parameter of type 'VarDate'.
      Type 'undefined' is not assignable to type 'VarDate'.
  Overload 3 of 5, '(value: string | number): Date', gave the following error.
    Argument of type 'string | Date | undefined' is not assignable to parameter of type 'string | number'.
      Type 'undefined' is not assignable to type 'string | number'.
src/modules/clients/repositories/in-memory/in-memory-interactions-repository.ts(18,25): error TS2345: Argument of type '{ id: `${string}-${string}-${string}-${string}-${string}`; user_id: string; treatment_id: string; date: Date; description: string; }' is not assignable to parameter of type '{ id: string; created_at: Date; updated_at: Date; user_id: string; date: Date; description: string; treatment_id: string; }'.
src/modules/clients/repositories/in-memory/in-memory-interactions-repository.ts(45,11): error TS2416: Property 'findByTreatment' in type 'InMemoryInteractionsRepository' is not assignable to the same property in base type 'InteractionsRepository'.
  Type '(treatment_id: string) => Promise<{ id: string; user_id: string; treatment_id: string; date: Date; description: string; }[] | null>' is not assignable to type '(treatment_id: string) => Promise<{ id: string; created_at: Date; updated_at: Date; user_id: string; date: Date; description: string; treatment_id: string; }[] | null>'.
    Type 'Promise<{ id: string; user_id: string; treatment_id: string; date: Date; description: string; }[] | null>' is not assignable to type 'Promise<{ id: string; created_at: Date; updated_at: Date; user_id: string; date: Date; description: string; treatment_id: string; }[] | null>'.
      Type '{ id: string; user_id: string; treatment_id: string; date: Date; description: string; }[] | null' is not assignable to type '{ id: string; created_at: Date; updated_at: Date; user_id: string; date: Date; description: string; treatment_id: string; }[] | null'.
        Type '{ id: string; user_id: string; treatment_id: string; date: Date; description: string; }[]' is not assignable to type '{ id: string; created_at: Date; updated_at: Date; user_id: string; date: Date; description: string; treatment_id: string; }[]'.
          Type '{ id: string; user_id: string; treatment_id: string; date: Date; description: string; }' is missing the following properties from type '{ id: string; created_at: Date; updated_at: Date; user_id: string; date: Date; description: string; treatment_id: string; }': created_at, updated_at
src/modules/clients/repositories/prisma/prisma-interactions-repository.ts(6,11): error TS2416: Property 'create' in type 'PrismaInteractionsRepository' is not assignable to the same property in base type 'InteractionsRepository'.
  Type '(data: InteractionUncheckedCreateInput) => Promise<{ id: string; user_id: string; treatment_id: string; date: Date; description: string; }>' is not assignable to type '(data: InteractionUncheckedCreateInput) => Promise<{ id: string; created_at: Date; updated_at: Date; user_id: string; date: Date; description: string; treatment_id: string; }>'.
    Type 'Promise<{ id: string; user_id: string; treatment_id: string; date: Date; description: string; }>' is not assignable to type 'Promise<{ id: string; created_at: Date; updated_at: Date; user_id: string; date: Date; description: string; treatment_id: string; }>'.
      Type '{ id: string; user_id: string; treatment_id: string; date: Date; description: string; }' is missing the following properties from type '{ id: string; created_at: Date; updated_at: Date; user_id: string; date: Date; description: string; treatment_id: string; }': created_at, updated_at
src/modules/clients/repositories/prisma/prisma-interactions-repository.ts(12,11): error TS2416: Property 'update' in type 'PrismaInteractionsRepository' is not assignable to the same property in base type 'InteractionsRepository'.
  Type '(data: InteractionUncheckedUpdateInput) => Promise<{ id: string; user_id: string; treatment_id: string; date: Date; description: string; }>' is not assignable to type '(data: InteractionUncheckedUpdateInput) => Promise<{ id: string; created_at: Date; updated_at: Date; user_id: string; date: Date; description: string; treatment_id: string; }>'.
    Type 'Promise<{ id: string; user_id: string; treatment_id: string; date: Date; description: string; }>' is not assignable to type 'Promise<{ id: string; created_at: Date; updated_at: Date; user_id: string; date: Date; description: string; treatment_id: string; }>'.
      Type '{ id: string; user_id: string; treatment_id: string; date: Date; description: string; }' is missing the following properties from type '{ id: string; created_at: Date; updated_at: Date; user_id: string; date: Date; description: string; treatment_id: string; }': created_at, updated_at
src/modules/clients/use-cases/client.spec.ts(15,43): error TS2345: Argument of type 'InMemoryClientsRepository' is not assignable to parameter of type 'ClientsRepository'.
  The types returned by 'create(...)' are incompatible between these types.
    Type 'Promise<{ id: `${string}-${string}-${string}-${string}-${string}`; name: string; email: string | null | undefined; identification: string | null | undefined; phone: string | null; contract: boolean; }>' is not assignable to type 'Promise<{ id: string; name: string; created_at: Date; updated_at: Date; email: string | null; contact: string | null; phone: string | null; identification: string | null; contract: boolean; isEnterprise: boolean; }>'.
      Type '{ id: `${string}-${string}-${string}-${string}-${string}`; name: string; email: string | null | undefined; identification: string | null | undefined; phone: string | null; contract: boolean; }' is missing the following properties from type '{ id: string; name: string; created_at: Date; updated_at: Date; email: string | null; contact: string | null; phone: string | null; identification: string | null; contract: boolean; isEnterprise: boolean; }': created_at, updated_at, contact, isEnterprise
src/modules/clients/use-cases/factories/make-interaction-use-case.ts(13,55): error TS2345: Argument of type 'PrismaInteractionsRepository' is not assignable to parameter of type 'InteractionsRepository'.
  Types of property 'create' are incompatible.
    Type '(data: InteractionUncheckedCreateInput) => Promise<{ id: string; user_id: string; treatment_id: string; date: Date; description: string; }>' is not assignable to type '(data: InteractionUncheckedCreateInput) => Promise<{ id: string; created_at: Date; updated_at: Date; user_id: string; date: Date; description: string; treatment_id: string; }>'.
src/modules/clients/use-cases/get-clients.spec.ts(14,51): error TS2345: Argument of type 'InMemoryClientsRepository' is not assignable to parameter of type 'ClientsRepository'.
src/modules/clients/use-cases/interaction.spec.ts(19,53): error TS2345: Argument of type 'InMemoryInteractionsRepository' is not assignable to parameter of type 'InteractionsRepository'.
  The types returned by 'create(...)' are incompatible between these types.
    Type 'Promise<{ id: `${string}-${string}-${string}-${string}-${string}`; user_id: string; treatment_id: string; date: Date; description: string; }>' is not assignable to type 'Promise<{ id: string; created_at: Date; updated_at: Date; user_id: string; date: Date; description: string; treatment_id: string; }>'.
      Type '{ id: `${string}-${string}-${string}-${string}-${string}`; user_id: string; treatment_id: string; date: Date; description: string; }' is missing the following properties from type '{ id: string; created_at: Date; updated_at: Date; user_id: string; date: Date; description: string; treatment_id: string; }': created_at, updated_at
src/modules/equipments/repositories/in-memory/in-memory-equipments-repository.ts(9,11): error TS2416: Property 'findByClient' in type 'InMemoryEquipmentsRepository' is not assignable to the same property in base type 'EquipmentsRepository'.
  Type '(client_id: string) => Promise<{ id: string; client_id: string; type: string; brand: string | null; identification: string | null; details: string | null; entry: Date; }[] | null>' is not assignable to type '(client_id: string) => Promise<{ id: string; created_at: Date; updated_at: Date; type: string; client_id: string; identification: string | null; brand: string | null; details: string | null; entry: Date; }[] | null>'.
    Type 'Promise<{ id: string; client_id: string; type: string; brand: string | null; identification: string | null; details: string | null; entry: Date; }[] | null>' is not assignable to type 'Promise<{ id: string; created_at: Date; updated_at: Date; type: string; client_id: string; identification: string | null; brand: string | null; details: string | null; entry: Date; }[] | null>'.
      Type '{ id: string; client_id: string; type: string; brand: string | null; identification: string | null; details: string | null; entry: Date; }[] | null' is not assignable to type '{ id: string; created_at: Date; updated_at: Date; type: string; client_id: string; identification: string | null; brand: string | null; details: string | null; entry: Date; }[] | null'.
        Type '{ id: string; client_id: string; type: string; brand: string | null; identification: string | null; details: string | null; entry: Date; }[]' is not assignable to type '{ id: string; created_at: Date; updated_at: Date; type: string; client_id: string; identification: string | null; brand: string | null; details: string | null; entry: Date; }[]'.
          Type '{ id: string; client_id: string; type: string; brand: string | null; identification: string | null; details: string | null; entry: Date; }' is missing the following properties from type '{ id: string; created_at: Date; updated_at: Date; type: string; client_id: string; identification: string | null; brand: string | null; details: string | null; entry: Date; }': created_at, updated_at
src/modules/equipments/repositories/in-memory/in-memory-equipments-repository.ts(13,11): error TS2416: Property 'findMany' in type 'InMemoryEquipmentsRepository' is not assignable to the same property in base type 'EquipmentsRepository'.
  Type '(type?: string | undefined, brand?: string | undefined, identification?: string | undefined) => Promise<{ id: string; client_id: string; type: string; brand: string | null; identification: string | null; details: string | null; entry: Date; }[] | null>' is not assignable to type '(type?: string | undefined, brand?: string | undefined, identification?: string | undefined) => Promise<{ id: string; created_at: Date; updated_at: Date; type: string; client_id: string; identification: string | null; brand: string | null; details: string | null; entry: Date; }[] | null>'.
    Type 'Promise<{ id: string; client_id: string; type: string; brand: string | null; identification: string | null; details: string | null; entry: Date; }[] | null>' is not assignable to type 'Promise<{ id: string; created_at: Date; updated_at: Date; type: string; client_id: string; identification: string | null; brand: string | null; details: string | null; entry: Date; }[] | null>'.
      Type '{ id: string; client_id: string; type: string; brand: string | null; identification: string | null; details: string | null; entry: Date; }[] | null' is not assignable to type '{ id: string; created_at: Date; updated_at: Date; type: string; client_id: string; identification: string | null; brand: string | null; details: string | null; entry: Date; }[] | null'.
        Type '{ id: string; client_id: string; type: string; brand: string | null; identification: string | null; details: string | null; entry: Date; }[]' is not assignable to type '{ id: string; created_at: Date; updated_at: Date; type: string; client_id: string; identification: string | null; brand: string | null; details: string | null; entry: Date; }[]'.
          Type '{ id: string; client_id: string; type: string; brand: string | null; identification: string | null; details: string | null; entry: Date; }' is missing the following properties from type '{ id: string; created_at: Date; updated_at: Date; type: string; client_id: string; identification: string | null; brand: string | null; details: string | null; entry: Date; }': created_at, updated_at
src/modules/equipments/repositories/in-memory/in-memory-equipments-repository.ts(44,11): error TS2416: Property 'create' in type 'InMemoryEquipmentsRepository' is not assignable to the same property in base type 'EquipmentsRepository'.
  Type '(data: EquipmentUncheckedCreateInput) => Promise<{ id: `${string}-${string}-${string}-${string}-${string}`; client_id: string; type: string; brand: string | null; identification: string | null; details: string | null; entry: Date; }>' is not assignable to type '(data: EquipmentUncheckedCreateInput) => Promise<{ id: string; created_at: Date; updated_at: Date; type: string; client_id: string; identification: string | null; brand: string | null; details: string | null; entry: Date; }>'.
    Type 'Promise<{ id: `${string}-${string}-${string}-${string}-${string}`; client_id: string; type: string; brand: string | null; identification: string | null; details: string | null; entry: Date; }>' is not assignable to type 'Promise<{ id: string; created_at: Date; updated_at: Date; type: string; client_id: string; identification: string | null; brand: string | null; details: string | null; entry: Date; }>'.
      Type '{ id: `${string}-${string}-${string}-${string}-${string}`; client_id: string; type: string; brand: string | null; identification: string | null; details: string | null; entry: Date; }' is missing the following properties from type '{ id: string; created_at: Date; updated_at: Date; type: string; client_id: string; identification: string | null; brand: string | null; details: string | null; entry: Date; }': created_at, updated_at
src/modules/equipments/repositories/in-memory/in-memory-equipments-repository.ts(52,29): error TS2769: No overload matches this call.
  Overload 1 of 5, '(value: string | number | Date): Date', gave the following error.
    Argument of type 'string | Date | undefined' is not assignable to parameter of type 'string | number | Date'.
  Overload 2 of 5, '(vd: VarDate): Date', gave the following error.
    Argument of type 'string | Date | undefined' is not assignable to parameter of type 'VarDate'.
      Type 'undefined' is not assignable to type 'VarDate'.
  Overload 3 of 5, '(value: string | number): Date', gave the following error.
    Argument of type 'string | Date | undefined' is not assignable to parameter of type 'string | number'.
src/modules/equipments/repositories/in-memory/in-memory-equipments-repository.ts(54,25): error TS2345: Argument of type '{ id: `${string}-${string}-${string}-${string}-${string}`; client_id: string; type: string; brand: string | null; identification: string | null; details: string | null; entry: Date; }' is not assignable to parameter of type '{ id: string; created_at: Date; updated_at: Date; type: string; client_id: string; identification: string | null; brand: string | null; details: string | null; entry: Date; }'.
src/modules/equipments/use-cases/equipment.spec.ts(19,49): error TS2345: Argument of type 'InMemoryEquipmentsRepository' is not assignable to parameter of type 'EquipmentsRepository'.
  The types returned by 'create(...)' are incompatible between these types.
    Type 'Promise<{ id: `${string}-${string}-${string}-${string}-${string}`; client_id: string; type: string; brand: string | null; identification: string | null; details: string | null; entry: Date; }>' is not assignable to type 'Promise<{ id: string; created_at: Date; updated_at: Date; type: string; client_id: string; identification: string | null; brand: string | null; details: string | null; entry: Date; }>'.
      Type '{ id: `${string}-${string}-${string}-${string}-${string}`; client_id: string; type: string; brand: string | null; identification: string | null; details: string | null; entry: Date; }' is missing the following properties from type '{ id: string; created_at: Date; updated_at: Date; type: string; client_id: string; identification: string | null; brand: string | null; details: string | null; entry: Date; }': created_at, updated_at
src/modules/financial/http/controllers/get-operational-summary.ts(34,17): error TS2353: Object literal may only specify known properties, and 'date' does not exist in type 'TransactionWhereInput'.
src/modules/financial/http/controllers/get-operational-summary.ts(37,37): error TS18048: 'overdueExpensesAggr._sum' is possibly 'undefined'.
src/modules/financial/http/controllers/get-operational-summary.ts(45,17): error TS2353: Object literal may only specify known properties, and 'date' does not exist in type 'TransactionWhereInput'.
src/modules/financial/http/controllers/get-operational-summary.ts(51,39): error TS18048: 'upNextExpensesAggr._sum' is possibly 'undefined'.
src/modules/financial/http/controllers/get-operational-summary.ts(60,17): error TS2353: Object literal may only specify known properties, and 'date' does not exist in type 'TransactionWhereInput'.
src/modules/financial/http/controllers/get-operational-summary.ts(66,41): error TS18048: 'currentMonthIncomeAggr._sum' is possibly 'undefined'.
src/modules/financial/http/controllers/get-operational-summary.ts(67,33): error TS18048: 'currentMonthIncomeAggr._count' is possibly 'undefined'.
src/modules/financial/http/controllers/get-operational-summary.ts(67,63): error TS2339: Property 'id' does not exist on type 'true | { id?: number | undefined; operation?: number | undefined; data_vencimento?: number | undefined; data_emissao?: number | undefined; amount?: number | undefined; interest?: number | undefined; ... 10 more ...; _all?: number | undefined; }'.
  Property 'id' does not exist on type 'true'.
src/modules/financial/http/controllers/get-operational-summary.ts(76,17): error TS2353: Object literal may only specify known properties, and 'date' does not exist in type 'TransactionWhereInput'.
src/modules/financial/http/controllers/get-operational-summary.ts(82,41): error TS18048: 'currentMonthTotalExpensesAggr._sum' is possibly 'undefined'.
src/modules/financial/http/controllers/get-operational-summary.ts(90,17): error TS2353: Object literal may only specify known properties, and 'date' does not exist in type 'TransactionWhereInput'.
src/modules/financial/http/controllers/get-operational-summary.ts(96,41): error TS18048: 'currentMonthPaidExpensesAggr._sum' is possibly 'undefined'.
src/modules/financial/http/controllers/get-payment-agenda.ts(17,17): error TS2353: Object literal may only specify known properties, and 'date' does not exist in type 'TransactionWhereInput'.
src/modules/financial/http/controllers/get-payment-agenda.ts(26,17): error TS2353: Object literal may only specify known properties, and 'date' does not exist in type 'TransactionOrderByWithRelationInput | TransactionOrderByWithRelationInput[]'.
src/modules/financial/http/controllers/get-payment-agenda.ts(52,26): error TS2339: Property 'date' does not exist on type '{ id: string; created_at: Date; operation: string; confirmed: boolean; data_vencimento: Date; data_emissao: Date; amount: number; interest: number | null; discount: number | null; ... 6 more ...; transaction_group_id: string | null; }'.
src/modules/financial/http/controllers/get-payment-agenda.ts(64,35): error TS2339: Property 'sectors' does not exist on type '{ id: string; created_at: Date; operation: string; confirmed: boolean; data_vencimento: Date; data_emissao: Date; amount: number; interest: number | null; discount: number | null; ... 6 more ...; transaction_group_id: string | null; }'.
src/modules/financial/http/controllers/getTransaction.ts(8,52): error TS2554: Expected 1 arguments, but got 0.
src/modules/financial/http/controllers/routes.ts(25,33): error TS2307: Cannot find module './create-recurring' or its corresponding type declarations.
src/modules/financial/repositories/in-memory/in-memory-accounts-repository.ts(13,11): error TS2416: Property 'findMany' in type 'InMemoryAccountsRepository' is not assignable to the same property in base type 'AccountsRepository'.
  Type '() => Promise<{ id: string; name: string; description: string | null; balance: number; goal: number | null; }[]>' is not assignable to type '() => Promise<{ id: string; name: string; created_at: Date; updated_at: Date; description: string | null; balance: number; goal: number | null; }[]>'.
    Type 'Promise<{ id: string; name: string; description: string | null; balance: number; goal: number | null; }[]>' is not assignable to type 'Promise<{ id: string; name: string; created_at: Date; updated_at: Date; description: string | null; balance: number; goal: number | null; }[]>'.
      Type '{ id: string; name: string; description: string | null; balance: number; goal: number | null; }[]' is not assignable to type '{ id: string; name: string; created_at: Date; updated_at: Date; description: string | null; balance: number; goal: number | null; }[]'.
        Type '{ id: string; name: string; description: string | null; balance: number; goal: number | null; }' is missing the following properties from type '{ id: string; name: string; created_at: Date; updated_at: Date; description: string | null; balance: number; goal: number | null; }': created_at, updated_at
src/modules/financial/repositories/in-memory/in-memory-accounts-repository.ts(49,11): error TS2416: Property 'create' in type 'InMemoryAccountsRepository' is not assignable to the same property in base type 'AccountsRepository'.
  Type '(data: AccountCreateInput) => Promise<{ id: `${string}-${string}-${string}-${string}-${string}`; name: string; description: string | null; goal: number | null; balance: number; }>' is not assignable to type '(data: AccountCreateInput) => Promise<{ id: string; name: string; created_at: Date; updated_at: Date; description: string | null; balance: number; goal: number | null; }>'.
    Type 'Promise<{ id: `${string}-${string}-${string}-${string}-${string}`; name: string; description: string | null; goal: number | null; balance: number; }>' is not assignable to type 'Promise<{ id: string; name: string; created_at: Date; updated_at: Date; description: string | null; balance: number; goal: number | null; }>'.
      Type '{ id: `${string}-${string}-${string}-${string}-${string}`; name: string; description: string | null; goal: number | null; balance: number; }' is missing the following properties from type '{ id: string; name: string; created_at: Date; updated_at: Date; description: string | null; balance: number; goal: number | null; }': created_at, updated_at
src/modules/financial/repositories/in-memory/in-memory-accounts-repository.ts(57,25): error TS2345: Argument of type '{ id: `${string}-${string}-${string}-${string}-${string}`; name: string; description: string | null; goal: number | null; balance: number; }' is not assignable to parameter of type '{ id: string; name: string; created_at: Date; updated_at: Date; description: string | null; balance: number; goal: number | null; }'.
src/modules/financial/repositories/in-memory/in-memory-balance-projection-repository.ts(21,58): error TS2339: Property 'date' does not exist on type '{ id: string; created_at: Date; operation: string; confirmed: boolean; data_vencimento: Date; data_emissao: Date; amount: number; interest: number | null; discount: number | null; ... 6 more ...; transaction_group_id: string | null; }'.
src/modules/financial/repositories/in-memory/in-memory-balance-projection-repository.ts(52,24): error TS2339: Property 'date' does not exist on type '{ id: string; created_at: Date; operation: string; confirmed: boolean; data_vencimento: Date; data_emissao: Date; amount: number; interest: number | null; discount: number | null; ... 6 more ...; transaction_group_id: string | null; }'.
src/modules/financial/repositories/in-memory/in-memory-balance-projection-repository.ts(76,53): error TS2339: Property 'date' does not exist on type '{ id: string; created_at: Date; operation: string; confirmed: boolean; data_vencimento: Date; data_emissao: Date; amount: number; interest: number | null; discount: number | null; ... 6 more ...; transaction_group_id: string | null; }'.
src/modules/financial/repositories/in-memory/in-memory-balance-projection-repository.ts(120,15): error TS2322: Type '{ id: string; name: string; created_at?: Date | undefined; updated_at?: Date | undefined; description: string | null; balance: number; goal: number | null; }' is not assignable to type '{ id: string; name: string; created_at: Date; updated_at: Date; description: string | null; balance: number; goal: number | null; }'.
  Types of property 'created_at' are incompatible.
    Type 'Date | undefined' is not assignable to type 'Date'.
      Type 'undefined' is not assignable to type 'Date'.
src/modules/financial/repositories/in-memory/in-memory-balance-projection-repository.ts(137,13): error TS2353: Object literal may only specify known properties, and 'date' does not exist in type '{ id: string; created_at: Date; operation: string; confirmed: boolean; data_vencimento: Date; data_emissao: Date; amount: number; interest: number | null; discount: number | null; ... 6 more ...; transaction_group_id: string | null; }'.
src/modules/financial/repositories/in-memory/in-memory-balance-projection-repository.ts(137,31): error TS2339: Property 'date' does not exist on type 'Partial<{ id: string; created_at: Date; operation: string; confirmed: boolean; data_vencimento: Date; data_emissao: Date; amount: number; interest: number | null; discount: number | null; ... 6 more ...; transaction_group_id: string | null; }>'.
src/modules/financial/repositories/in-memory/in-memory-payments-repository.ts(9,11): error TS2416: Property 'create' in type 'InMemoryPaymentsRepository' is not assignable to the same property in base type 'PaymentsRepository'.
  Type '(data: PaymentUncheckedCreateInput) => Promise<{ id: string; name: string; installment_limit: number; in_sight: boolean; account_id: string | null; }>' is not assignable to type '(data: PaymentUncheckedCreateInput) => Promise<{ id: string; name: string; created_at: Date; updated_at: Date; account_id: string | null; installment_limit: number; in_sight: boolean; }>'.
    Type 'Promise<{ id: string; name: string; installment_limit: number; in_sight: boolean; account_id: string | null; }>' is not assignable to type 'Promise<{ id: string; name: string; created_at: Date; updated_at: Date; account_id: string | null; installment_limit: number; in_sight: boolean; }>'.
      Type '{ id: string; name: string; installment_limit: number; in_sight: boolean; account_id: string | null; }' is missing the following properties from type '{ id: string; name: string; created_at: Date; updated_at: Date; account_id: string | null; installment_limit: number; in_sight: boolean; }': created_at, updated_at
src/modules/financial/repositories/in-memory/in-memory-payments-repository.ts(17,25): error TS2345: Argument of type '{ id: `${string}-${string}-${string}-${string}-${string}`; name: string; installment_limit: number; in_sight: boolean; account_id: string | null; }' is not assignable to parameter of type '{ id: string; name: string; created_at: Date; updated_at: Date; account_id: string | null; installment_limit: number; in_sight: boolean; }'.
  Type '{ id: `${string}-${string}-${string}-${string}-${string}`; name: string; installment_limit: number; in_sight: boolean; account_id: string | null; }' is missing the following properties from type '{ id: string; name: string; created_at: Date; updated_at: Date; account_id: string | null; installment_limit: number; in_sight: boolean; }': created_at, updated_at
src/modules/financial/repositories/in-memory/in-memory-payments-repository.ts(33,11): error TS2416: Property 'findById' in type 'InMemoryPaymentsRepository' is not assignable to the same property in base type 'PaymentsRepository'.
  Type '(id: string) => Promise<{ id: string; name: string; installment_limit: number; in_sight: boolean; account_id: string | null; } | null>' is not assignable to type '(id: string) => Promise<{ id: string; name: string; created_at: Date; updated_at: Date; account_id: string | null; installment_limit: number; in_sight: boolean; } | null>'.
    Type 'Promise<{ id: string; name: string; installment_limit: number; in_sight: boolean; account_id: string | null; } | null>' is not assignable to type 'Promise<{ id: string; name: string; created_at: Date; updated_at: Date; account_id: string | null; installment_limit: number; in_sight: boolean; } | null>'.
      Type '{ id: string; name: string; installment_limit: number; in_sight: boolean; account_id: string | null; } | null' is not assignable to type '{ id: string; name: string; created_at: Date; updated_at: Date; account_id: string | null; installment_limit: number; in_sight: boolean; } | null'.
        Type '{ id: string; name: string; installment_limit: number; in_sight: boolean; account_id: string | null; }' is missing the following properties from type '{ id: string; name: string; created_at: Date; updated_at: Date; account_id: string | null; installment_limit: number; in_sight: boolean; }': created_at, updated_at
src/modules/financial/repositories/in-memory/in-memory-payments-repository.ts(37,11): error TS2416: Property 'findByName' in type 'InMemoryPaymentsRepository' is not assignable to the same property in base type 'PaymentsRepository'.
  Type '(name: string) => Promise<{ id: string; name: string; installment_limit: number; in_sight: boolean; account_id: string | null; } | null>' is not assignable to type '(name: string) => Promise<{ id: string; name: string; created_at: Date; updated_at: Date; account_id: string | null; installment_limit: number; in_sight: boolean; } | null>'.
    Type 'Promise<{ id: string; name: string; installment_limit: number; in_sight: boolean; account_id: string | null; } | null>' is not assignable to type 'Promise<{ id: string; name: string; created_at: Date; updated_at: Date; account_id: string | null; installment_limit: number; in_sight: boolean; } | null>'.
      Type '{ id: string; name: string; installment_limit: number; in_sight: boolean; account_id: string | null; } | null' is not assignable to type '{ id: string; name: string; created_at: Date; updated_at: Date; account_id: string | null; installment_limit: number; in_sight: boolean; } | null'.
        Type '{ id: string; name: string; installment_limit: number; in_sight: boolean; account_id: string | null; }' is missing the following properties from type '{ id: string; name: string; created_at: Date; updated_at: Date; account_id: string | null; installment_limit: number; in_sight: boolean; }': created_at, updated_at
src/modules/financial/repositories/in-memory/in-memory-transactions-repository.spec.ts(22,17): error TS2353: Object literal may only specify known properties, and 'date' does not exist in type 'TransactionUncheckedCreateInput'.
src/modules/financial/repositories/in-memory/in-memory-transactions-repository.spec.ts(29,17): error TS2353: Object literal may only specify known properties, and 'date' does not exist in type 'TransactionUncheckedCreateInput'.
src/modules/financial/repositories/in-memory/in-memory-transactions-repository.spec.ts(36,17): error TS2353: Object literal may only specify known properties, and 'date' does not exist in type 'TransactionUncheckedCreateInput'.
src/modules/financial/repositories/in-memory/in-memory-transactions-repository.spec.ts(53,17): error TS2353: Object literal may only specify known properties, and 'date' does not exist in type 'TransactionUncheckedCreateInput'.
src/modules/financial/repositories/in-memory/in-memory-transactions-repository.spec.ts(62,17): error TS2353: Object literal may only specify known properties, and 'date' does not exist in type 'TransactionUncheckedCreateInput'.
src/modules/financial/repositories/in-memory/in-memory-transactions-repository.spec.ts(73,17): error TS2353: Object literal may only specify known properties, and 'date' does not exist in type 'TransactionUncheckedCreateInput'.
src/modules/financial/repositories/in-memory/in-memory-transactions-repository.spec.ts(91,17): error TS2353: Object literal may only specify known properties, and 'date' does not exist in type 'TransactionUncheckedCreateInput'.
src/modules/financial/repositories/in-memory/in-memory-transactions-repository.spec.ts(100,17): error TS2353: Object literal may only specify known properties, and 'date' does not exist in type 'TransactionUncheckedCreateInput'.
src/modules/financial/repositories/in-memory/in-memory-transactions-repository.spec.ts(109,17): error TS2353: Object literal may only specify known properties, and 'date' does not exist in type 'TransactionUncheckedCreateInput'.
src/modules/financial/repositories/in-memory/in-memory-transactions-repository.spec.ts(131,17): error TS2353: Object literal may only specify known properties, and 'date' does not exist in type 'TransactionUncheckedCreateInput'.
src/modules/financial/repositories/in-memory/in-memory-transactions-repository.spec.ts(140,17): error TS2353: Object literal may only specify known properties, and 'date' does not exist in type 'TransactionUncheckedCreateInput'.
src/modules/financial/repositories/in-memory/in-memory-transactions-repository.spec.ts(149,17): error TS2353: Object literal may only specify known properties, and 'date' does not exist in type 'TransactionUncheckedCreateInput'.
src/modules/financial/repositories/in-memory/in-memory-transactions-repository.ts(145,24): error TS2339: Property 'date' does not exist on type 'TransactionUncheckedUpdateInput'.
src/modules/financial/repositories/in-memory/in-memory-transactions-repository.ts(145,45): error TS2339: Property 'date' does not exist on type 'TransactionUncheckedUpdateInput'.
src/modules/financial/repositories/in-memory/in-memory-transactions-repository.ts(176,24): error TS2339: Property 'date' does not exist on type 'TransactionUncheckedCreateInput'.
src/modules/financial/repositories/in-memory/in-memory-transactions-repository.ts(176,45): error TS2339: Property 'date' does not exist on type 'TransactionUncheckedCreateInput'.
src/modules/financial/repositories/in-memory/in-memory-transfer-transactions-repository.ts(13,11): error TS2416: Property 'findMany' in type 'InMemoryTransferTransactionsRepository' is not assignable to the same property in base type 'TransferTransactionsRepository'.
  Type '() => Promise<{ id: string; destination_account_id: string; transaction_id: string; }[] | null>' is not assignable to type '() => Promise<({ id: string; transaction_id: string; destination_account_id: string; } & { accounts: unknown; transaction: unknown; })[] | null>'.
    Type 'Promise<{ id: string; destination_account_id: string; transaction_id: string; }[] | null>' is not assignable to type 'Promise<({ id: string; transaction_id: string; destination_account_id: string; } & { accounts: unknown; transaction: unknown; })[] | null>'.
      Type '{ id: string; destination_account_id: string; transaction_id: string; }[] | null' is not assignable to type '({ id: string; transaction_id: string; destination_account_id: string; } & { accounts: unknown; transaction: unknown; })[] | null'.
        Type '{ id: string; destination_account_id: string; transaction_id: string; }[]' is not assignable to type '({ id: string; transaction_id: string; destination_account_id: string; } & { accounts: unknown; transaction: unknown; })[]'.
          Type '{ id: string; destination_account_id: string; transaction_id: string; }' is not assignable to type '{ id: string; transaction_id: string; destination_account_id: string; } & { accounts: unknown; transaction: unknown; }'.
            Type '{ id: string; destination_account_id: string; transaction_id: string; }' is missing the following properties from type '{ accounts: unknown; transaction: unknown; }': accounts, transaction
src/modules/financial/repositories/prisma/prisma-accounts-repository.ts(66,97): error TS2344: Type 'AccountUpdateInput' does not satisfy the constraint 'boolean | AccountDefaultArgs<DefaultArgs> | null | undefined'.
src/modules/financial/repositories/prisma/prisma-balance-projection-repository.ts(26,17): error TS2353: Object literal may only specify known properties, and 'date' does not exist in type 'TransactionWhereInput'.
src/modules/financial/repositories/prisma/prisma-balance-projection-repository.ts(32,17): error TS2353: Object literal may only specify known properties, and 'date' does not exist in type 'TransactionSelect<DefaultArgs>'.
src/modules/financial/repositories/prisma/prisma-balance-projection-repository.ts(38,17): error TS2353: Object literal may only specify known properties, and 'date' does not exist in type 'TransactionOrderByWithRelationInput | TransactionOrderByWithRelationInput[]'.
src/modules/financial/repositories/prisma/prisma-balance-projection-repository.ts(47,13): error TS2345: Argument of type '{ id: string; created_at: Date; operation: string; confirmed: boolean; data_vencimento: Date; data_emissao: Date; amount: number; interest: number | null; discount: number | null; ... 6 more ...; transaction_group_id: string | null; }[]' is not assignable to parameter of type '{ date: Date; operation: string; amount: number; confirmed: boolean; }[]'.
  Property 'date' is missing in type '{ id: string; created_at: Date; operation: string; confirmed: boolean; data_vencimento: Date; data_emissao: Date; amount: number; interest: number | null; discount: number | null; ... 6 more ...; transaction_group_id: string | null; }' but required in type '{ date: Date; operation: string; amount: number; confirmed: boolean; }'.
src/modules/financial/repositories/prisma/prisma-transactions-repository.ts(437,25): error TS2353: Object literal may only specify known properties, and 'date' does not exist in type 'Without<TransactionUpdateInput, TransactionUncheckedUpdateInput> & TransactionUncheckedUpdateInput'.
src/modules/financial/repositories/prisma/prisma-transactions-repository.ts(688,19): error TS2339: Property 'date' does not exist on type 'TransactionUncheckedCreateInput'.
src/modules/financial/repositories/prisma/prisma-transactions-repository.ts(689,18): error TS2339: Property 'date' does not exist on type 'TransactionUncheckedCreateInput'.
src/modules/financial/repositories/prisma/prisma-transactions-repository.ts(704,17): error TS2322: Type '{ accounts: { connect: { id: string; }; }; account_id: undefined; sector_id: undefined; id?: string | undefined; operation: string; data_vencimento?: string | Date | undefined; data_emissao?: string | ... 1 more ... | undefined; ... 13 more ...; payrollEntries?: Prisma.PayrollEntryUncheckedCreateNestedManyWithoutTra...' is not assignable to type '(Without<TransactionCreateInput, TransactionUncheckedCreateInput> & TransactionUncheckedCreateInput) | (Without<...> & TransactionCreateInput)'.
  Type '{ accounts: { connect: { id: string; }; }; account_id: undefined; sector_id: undefined; id?: string | undefined; operation: string; data_vencimento?: string | Date | undefined; data_emissao?: string | ... 1 more ... | undefined; ... 13 more ...; payrollEntries?: Prisma.PayrollEntryUncheckedCreateNestedManyWithoutTra...' is not assignable to type 'Without<TransactionUncheckedCreateInput, TransactionCreateInput> & TransactionCreateInput'.
    Type '{ accounts: { connect: { id: string; }; }; account_id: undefined; sector_id: undefined; id?: string | undefined; operation: string; data_vencimento?: string | Date | undefined; data_emissao?: string | ... 1 more ... | undefined; ... 13 more ...; payrollEntries?: Prisma.PayrollEntryUncheckedCreateNestedManyWithoutTra...' is not assignable to type 'Without<TransactionUncheckedCreateInput, TransactionCreateInput>'.
      Types of property 'parent_transaction_id' are incompatible.
        Type 'string | null | undefined' is not assignable to type 'undefined'.
          Type 'null' is not assignable to type 'undefined'.
src/modules/financial/repositories/prisma/prisma-transactions-repository.ts(714,17): error TS2322: Type '{ accounts: { connect: { id: string; }; }; sectors: { connect: { id: string; }; }; account_id: undefined; sector_id: undefined; id?: string | undefined; operation: string; data_vencimento?: string | Date | undefined; ... 14 more ...; payrollEntries?: Prisma.PayrollEntryUncheckedCreateNestedManyWithoutTransactionInpu...' is not assignable to type '(Without<TransactionCreateInput, TransactionUncheckedCreateInput> & TransactionUncheckedCreateInput) | (Without<...> & TransactionCreateInput)'.
  Type '{ accounts: { connect: { id: string; }; }; sectors: { connect: { id: string; }; }; account_id: undefined; sector_id: undefined; id?: string | undefined; operation: string; data_vencimento?: string | Date | undefined; ... 14 more ...; payrollEntries?: Prisma.PayrollEntryUncheckedCreateNestedManyWithoutTransactionInpu...' is not assignable to type 'Without<TransactionUncheckedCreateInput, TransactionCreateInput> & TransactionCreateInput'.
    Type '{ accounts: { connect: { id: string; }; }; sectors: { connect: { id: string; }; }; account_id: undefined; sector_id: undefined; id?: string | undefined; operation: string; data_vencimento?: string | Date | undefined; ... 14 more ...; payrollEntries?: Prisma.PayrollEntryUncheckedCreateNestedManyWithoutTransactionInpu...' is not assignable to type 'Without<TransactionUncheckedCreateInput, TransactionCreateInput>'.
      Types of property 'parent_transaction_id' are incompatible.
        Type 'string | null | undefined' is not assignable to type 'undefined'.
          Type 'null' is not assignable to type 'undefined'.
src/modules/financial/repositories/prisma/prisma-transfer-transactions-repository.ts(28,11): error TS2416: Property 'findMany' in type 'PrismaTransferTransactionsRepository' is not assignable to the same property in base type 'TransferTransactionsRepository'.
  Type '() => Promise<{ id: string; transaction_id: string; destination_account_id: string; }[]>' is not assignable to type '() => Promise<({ id: string; transaction_id: string; destination_account_id: string; } & { accounts: unknown; transaction: unknown; })[] | null>'.
    Type 'Promise<{ id: string; transaction_id: string; destination_account_id: string; }[]>' is not assignable to type 'Promise<({ id: string; transaction_id: string; destination_account_id: string; } & { accounts: unknown; transaction: unknown; })[] | null>'.
      Type '{ id: string; transaction_id: string; destination_account_id: string; }[]' is not assignable to type '({ id: string; transaction_id: string; destination_account_id: string; } & { accounts: unknown; transaction: unknown; })[]'.
        Type '{ id: string; transaction_id: string; destination_account_id: string; }' is not assignable to type '{ id: string; transaction_id: string; destination_account_id: string; } & { accounts: unknown; transaction: unknown; }'.
          Type '{ id: string; transaction_id: string; destination_account_id: string; }' is missing the following properties from type '{ accounts: unknown; transaction: unknown; }': accounts, transaction
src/modules/financial/repositories/prisma/prisma-transfer-transactions-repository.ts(40,21): error TS2322: Type '{ transaction: { date: string; }; }' is not assignable to type 'TransferTransactionOrderByWithRelationInput | TransferTransactionOrderByWithRelationInput[] | undefined'.
  Types of property 'transaction' are incompatible.
    Object literal may only specify known properties, and 'date' does not exist in type 'TransactionOrderByWithRelationInput'.
src/modules/financial/repositories/prisma/prisma-transfer-transactions-repository.ts(74,21): error TS2353: Object literal may only specify known properties, and 'date' does not exist in type 'Without<TransactionCreateInput, TransactionUncheckedCreateInput> & TransactionUncheckedCreateInput'.
src/modules/financial/use-cases/account.spec.ts(15,45): error TS2345: Argument of type 'InMemoryAccountsRepository' is not assignable to parameter of type 'AccountsRepository'.
  The types returned by 'create(...)' are incompatible between these types.
    Type 'Promise<{ id: `${string}-${string}-${string}-${string}-${string}`; name: string; description: string | null; goal: number | null; balance: number; }>' is not assignable to type 'Promise<{ id: string; name: string; created_at: Date; updated_at: Date; description: string | null; balance: number; goal: number | null; }>'.
      Type '{ id: `${string}-${string}-${string}-${string}-${string}`; name: string; description: string | null; goal: number | null; balance: number; }' is missing the following properties from type '{ id: string; name: string; created_at: Date; updated_at: Date; description: string | null; balance: number; goal: number | null; }': created_at, updated_at
src/modules/financial/use-cases/adjust-account-balance.ts(49,21): error TS2353: Object literal may only specify known properties, and 'date' does not exist in type 'Without<TransactionCreateInput, TransactionUncheckedCreateInput> & TransactionUncheckedCreateInput'.
src/modules/financial/use-cases/change-transaction-status.spec.ts(23,13): error TS2353: Object literal may only specify known properties, and 'date' does not exist in type 'TransactionUncheckedCreateInput'.
src/modules/financial/use-cases/change-transaction-status.spec.ts(36,36): error TS2339: Property 'date' does not exist on type '{ id: string; created_at: Date; operation: string; confirmed: boolean; data_vencimento: Date; data_emissao: Date; amount: number; interest: number | null; discount: number | null; ... 6 more ...; transaction_group_id: string | null; }'.
src/modules/financial/use-cases/change-transaction-status.spec.ts(46,13): error TS2353: Object literal may only specify known properties, and 'date' does not exist in type 'TransactionUncheckedCreateInput'.
src/modules/financial/use-cases/change-transaction-status.spec.ts(79,13): error TS2353: Object literal may only specify known properties, and 'date' does not exist in type 'TransactionUncheckedCreateInput'.
src/modules/financial/use-cases/change-transaction-status.spec.ts(103,13): error TS2353: Object literal may only specify known properties, and 'date' does not exist in type 'TransactionUncheckedCreateInput'.
src/modules/financial/use-cases/change-transaction-status.spec.ts(133,13): error TS2353: Object literal may only specify known properties, and 'date' does not exist in type 'TransactionUncheckedCreateInput'.
src/modules/financial/use-cases/change-transaction-status.spec.ts(150,13): error TS2353: Object literal may only specify known properties, and 'date' does not exist in type 'TransactionUncheckedCreateInput'.
src/modules/financial/use-cases/change-transaction-status.spec.ts(167,13): error TS2353: Object literal may only specify known properties, and 'date' does not exist in type 'TransactionUncheckedCreateInput'.
src/modules/financial/use-cases/change-transaction-status.ts(111,69): error TS2339: Property 'date' does not exist on type '{ id: string; created_at: Date; operation: string; confirmed: boolean; data_vencimento: Date; data_emissao: Date; amount: number; interest: number | null; discount: number | null; ... 6 more ...; transaction_group_id: string | null; }'.
src/modules/financial/use-cases/change-transaction-status.ts(126,17): error TS2353: Object literal may only specify known properties, and 'date' does not exist in type 'TransactionUncheckedCreateInput'.
src/modules/financial/use-cases/delete-transaction.spec.ts(24,13): error TS2353: Object literal may only specify known properties, and 'date' does not exist in type 'TransactionUncheckedCreateInput'.
src/modules/financial/use-cases/delete-transaction.spec.ts(40,13): error TS2353: Object literal may only specify known properties, and 'date' does not exist in type 'TransactionUncheckedCreateInput'.
src/modules/financial/use-cases/factories/make-get-transfer-transactions-use-case.ts(7,78): error TS2345: Argument of type 'PrismaTransferTransactionsRepository' is not assignable to parameter of type 'TransferTransactionsRepository'.
src/modules/financial/use-cases/factories/make-transaction-use-case.ts(13,68): error TS2345: Argument of type 'PrismaTransferTransactionsRepository' is not assignable to parameter of type 'TransferTransactionsRepository'.
  The types returned by 'findMany()' are incompatible between these types.
    Type 'Promise<{ id: string; transaction_id: string; destination_account_id: string; }[]>' is not assignable to type 'Promise<({ id: string; transaction_id: string; destination_account_id: string; } & { accounts: unknown; transaction: unknown; })[] | null>'.
src/modules/financial/use-cases/factories/make-transfer-transaction-use-case.ts(13,70): error TS2345: Argument of type 'PrismaTransferTransactionsRepository' is not assignable to parameter of type 'TransferTransactionsRepository'.
src/modules/financial/use-cases/get-accounts.spec.ts(14,53): error TS2345: Argument of type 'InMemoryAccountsRepository' is not assignable to parameter of type 'AccountsRepository'.
src/modules/financial/use-cases/get-payments.spec.ts(16,53): error TS2345: Argument of type 'InMemoryPaymentsRepository' is not assignable to parameter of type 'PaymentsRepository'.
  Types of property 'create' are incompatible.
    Type '(data: PaymentUncheckedCreateInput) => Promise<{ id: string; name: string; installment_limit: number; in_sight: boolean; account_id: string | null; }>' is not assignable to type '(data: PaymentUncheckedCreateInput) => Promise<{ id: string; name: string; created_at: Date; updated_at: Date; account_id: string | null; installment_limit: number; in_sight: boolean; }>'.
src/modules/financial/use-cases/get-payments.spec.ts(43,17): error TS2339: Property 'payments' does not exist on type '{ id: string; name: string; created_at: Date; updated_at: Date; account_id: string | null; installment_limit: number; in_sight: boolean; }[] | null'.
src/modules/financial/use-cases/get-transactions.spec.ts(21,13): error TS2353: Object literal may only specify known properties, and 'date' does not exist in type 'TransactionUncheckedCreateInput'.
src/modules/financial/use-cases/get-transactions.spec.ts(30,13): error TS2353: Object literal may only specify known properties, and 'date' does not exist in type 'TransactionUncheckedCreateInput'.
src/modules/financial/use-cases/get-transactions.spec.ts(36,17): error TS2339: Property 'transactions' does not exist on type 'GetTransactionsDTO | null'.
src/modules/financial/use-cases/get-transactions.spec.ts(36,63): error TS2554: Expected 1 arguments, but got 0.
src/modules/financial/use-cases/get-transfer-transactions.spec.ts(19,77): error TS2345: Argument of type 'InMemoryTransferTransactionsRepository' is not assignable to parameter of type 'TransferTransactionsRepository'.
  Property 'executeTransfer' is missing in type 'InMemoryTransferTransactionsRepository' but required in type 'TransferTransactionsRepository'.
src/modules/financial/use-cases/payment.spec.ts(20,45): error TS2345: Argument of type 'InMemoryPaymentsRepository' is not assignable to parameter of type 'PaymentsRepository'.
src/modules/financial/use-cases/paymentEntry.spec.ts(24,80): error TS2345: Argument of type 'InMemoryPaymentsRepository' is not assignable to parameter of type 'PaymentsRepository'.
src/modules/financial/use-cases/tranferTransaction.spec.ts(22,69): error TS2345: Argument of type 'InMemoryTransferTransactionsRepository' is not assignable to parameter of type 'TransferTransactionsRepository'.
src/modules/financial/use-cases/tranferTransaction.spec.ts(33,13): error TS2353: Object literal may only specify known properties, and 'date' does not exist in type 'TransactionUncheckedCreateInput'.
src/modules/financial/use-cases/tranferTransaction.spec.ts(52,13): error TS2353: Object literal may only specify known properties, and 'date' does not exist in type 'TransactionUncheckedCreateInput'.
src/modules/financial/use-cases/transaction.spec.ts(20,77): error TS2345: Argument of type 'InMemoryTransferTransactionsRepository' is not assignable to parameter of type 'TransferTransactionsRepository'.
src/modules/financial/use-cases/transaction.spec.ts(31,13): error TS2353: Object literal may only specify known properties, and 'date' does not exist in type 'TransactionUseCaseRequest'.
src/modules/financial/use-cases/transaction.spec.ts(47,13): error TS2353: Object literal may only specify known properties, and 'date' does not exist in type 'TransactionUseCaseRequest'.
src/modules/financial/use-cases/transaction.spec.ts(60,13): error TS2353: Object literal may only specify known properties, and 'date' does not exist in type 'TransactionUseCaseRequest'.
src/modules/financial/use-cases/transaction.spec.ts(72,13): error TS2353: Object literal may only specify known properties, and 'date' does not exist in type 'TransactionUseCaseRequest'.
src/modules/financial/use-cases/transaction.spec.ts(88,13): error TS2353: Object literal may only specify known properties, and 'date' does not exist in type 'TransactionUseCaseRequest'.
src/modules/financial/use-cases/transaction.spec.ts(97,13): error TS2353: Object literal may only specify known properties, and 'date' does not exist in type 'TransactionUseCaseRequest'.
src/modules/financial/use-cases/transaction.spec.ts(108,13): error TS2353: Object literal may only specify known properties, and 'date' does not exist in type 'TransactionUseCaseRequest'.
src/modules/financial/use-cases/transaction.spec.ts(126,13): error TS2353: Object literal may only specify known properties, and 'date' does not exist in type 'TransactionUseCaseRequest'.
src/modules/financial/use-cases/transaction.spec.ts(135,13): error TS2353: Object literal may only specify known properties, and 'date' does not exist in type 'TransactionUseCaseRequest'.
src/modules/financial/use-cases/transaction.spec.ts(158,13): error TS2353: Object literal may only specify known properties, and 'date' does not exist in type 'TransactionUseCaseRequest'.
src/modules/financial/use-cases/transaction.spec.ts(182,13): error TS2353: Object literal may only specify known properties, and 'date' does not exist in type 'TransactionUseCaseRequest'.
src/modules/financial/use-cases/transaction.spec.ts(202,13): error TS2353: Object literal may only specify known properties, and 'date' does not exist in type 'TransactionUseCaseRequest'.
src/modules/financial/use-cases/transaction.spec.ts(253,13): error TS2353: Object literal may only specify known properties, and 'date' does not exist in type 'TransactionUseCaseRequest'.
src/modules/financial/use-cases/update-account.spec.ts(12,40): error TS2345: Argument of type 'InMemoryAccountsRepository' is not assignable to parameter of type 'AccountsRepository'.
src/modules/financial/use-cases/update-payment.spec.ts(15,40): error TS2345: Argument of type 'InMemoryPaymentsRepository' is not assignable to parameter of type 'PaymentsRepository'.
src/modules/items/http/controllers/getItemHistory.ts(14,51): error TS2345: Argument of type 'string' is not assignable to parameter of type 'GetStockByItemUseCaseRequest'.
src/modules/items/http/controllers/item.ts(4,10): error TS2305: Module '"@prisma/client"' has no exported member 'ItemType'.
src/modules/items/repositories/in-memory/in-memory-items-repository.ts(1,18): error TS2305: Module '"@prisma/client"' has no exported member 'ItemType'.
src/modules/items/repositories/in-memory/in-memory-items-repository.ts(13,31): error TS2724: '"C:/Users/Thom\u00E1s Furtado/Documents/GitHub/metrics-node/node_modules/.prisma/client/index".Prisma' has no exported member named 'ItemUpdateInput'. Did you mean 'UserUpdateInput'?
src/modules/items/repositories/in-memory/in-memory-items-repository.ts(55,31): error TS2724: '"C:/Users/Thom\u00E1s Furtado/Documents/GitHub/metrics-node/node_modules/.prisma/client/index".Prisma' has no exported member named 'ItemCreateInput'. Did you mean 'UserCreateInput'?
src/modules/items/repositories/in-memory/in-memory-products-repository.ts(18,13): error TS2353: Object literal may only specify known properties, and 'category' does not exist in type 'ProductWithCompositions'.
src/modules/items/repositories/in-memory/in-memory-products-repository.ts(93,32): error TS18047: 'item.stock' is possibly 'null'.
src/modules/items/repositories/in-memory/in-memory-products-repository.ts(94,18): error TS18047: 'item.stock' is possibly 'null'.
src/modules/items/repositories/in-memory/in-memory-supplies-repository.ts(72,32): error TS18047: 'item.stock' is possibly 'null'.
src/modules/items/repositories/in-memory/in-memory-supplies-repository.ts(73,18): error TS18047: 'item.stock' is possibly 'null'.
src/modules/items/repositories/prisma/prisma-items-repository.spec.ts(4,10): error TS2305: Module '"@prisma/client"' has no exported member 'ItemType'.
src/modules/items/repositories/prisma/prisma-items-repository.spec.ts(21,13): error TS2353: Object literal may only specify known properties, and 'product' does not exist in type 'ItemCreateInput'.
src/modules/items/repositories/prisma/prisma-items-repository.spec.ts(43,42): error TS2339: Property 'item' does not exist on type 'PrismaClient<{ log: "query"[]; }, "query", DefaultArgs>'.
src/modules/items/repositories/prisma/prisma-items-repository.spec.ts(61,13): error TS2353: Object literal may only specify known properties, and 'service' does not exist in type 'ItemCreateInput'.
src/modules/items/repositories/prisma/prisma-items-repository.spec.ts(87,13): error TS2353: Object literal may only specify known properties, and 'supply' does not exist in type 'ItemCreateInput'.
src/modules/items/repositories/prisma/prisma-items-repository.ts(2,18): error TS2305: Module '"@prisma/client"' has no exported member 'ItemType'.
src/modules/items/use-cases/delete-item-integration.spec.ts(18,37): error TS2345: Argument of type 'PrismaProductsRepository' is not assignable to parameter of type 'ProductsRepository'.
  Type 'PrismaProductsRepository' is missing the following properties from type 'ProductsRepository': update, changeStock
src/modules/items/use-cases/get-items.spec.ts(37,47): error TS2554: Expected 1 arguments, but got 0.
src/modules/items/use-cases/get-items.spec.ts(39,16): error TS18047: 'items' is possibly 'null'.
src/modules/products/repositories/in-memory/in-memory-products-repository.ts(15,15): error TS2741: Property 'measureUnit' is missing in type '{ id: string; name: any; description: any; category_id: any; active: any; display_id: number; price: number; cost: any; stock: number; min_stock: any; barcode: any; ncm: any; is_composite: any; created_at: Date; updated_at: Date; }' but required in type '{ id: string; name: string; created_at: Date; updated_at: Date; description: string | null; category_id: string | null; active: boolean | null; display_id: number; cost: number | null; ... 6 more ...; measureUnit: MeasureUnit; }'.
src/modules/products/repositories/in-memory/in-memory-products-repository.ts(43,27): error TS2741: Property 'service_id' is missing in type '{ id: `${string}-${string}-${string}-${string}-${string}`; product_id: string; supply_id: any; quantity: any; }' but required in type '{ id: string; product_id: string | null; supply_id: string; quantity: number; service_id: string | null; }'.
src/modules/sectors/repositories/in-memory/in-memory-sectors-repository.ts(19,11): error TS2416: Property 'create' in type 'InMemorySectorsRepository' is not assignable to the same property in base type 'SectorsRepository'.
  Type '(data: SectorCreateInput) => Promise<{ id: `${string}-${string}-${string}-${string}-${string}`; name: string; budget: number | null; }>' is not assignable to type '(data: SectorCreateInput) => Promise<{ id: string; name: string; created_at: Date; updated_at: Date; budget: number | null; type: string; }>'.
    Type 'Promise<{ id: `${string}-${string}-${string}-${string}-${string}`; name: string; budget: number | null; }>' is not assignable to type 'Promise<{ id: string; name: string; created_at: Date; updated_at: Date; budget: number | null; type: string; }>'.
      Type '{ id: `${string}-${string}-${string}-${string}-${string}`; name: string; budget: number | null; }' is missing the following properties from type '{ id: string; name: string; created_at: Date; updated_at: Date; budget: number | null; type: string; }': created_at, updated_at, type
src/modules/sectors/repositories/in-memory/in-memory-sectors-repository.ts(25,25): error TS2345: Argument of type '{ id: `${string}-${string}-${string}-${string}-${string}`; name: string; budget: number | null; }' is not assignable to parameter of type '{ id: string; name: string; created_at: Date; updated_at: Date; budget: number | null; type: string; }'.
src/modules/sectors/repositories/in-memory/in-memory-sectors-repository.ts(28,11): error TS2416: Property 'update' in type 'InMemorySectorsRepository' is not assignable to the same property in base type 'SectorsRepository'.
  Type '(data: SectorUpdateInput) => Promise<{ id: string; name: string; budget: number | null; }>' is not assignable to type '(data: SectorUpdateInput) => Promise<{ id: string; name: string; created_at: Date; updated_at: Date; budget: number | null; type: string; }>'.
    Type 'Promise<{ id: string; name: string; budget: number | null; }>' is not assignable to type 'Promise<{ id: string; name: string; created_at: Date; updated_at: Date; budget: number | null; type: string; }>'.
      Type '{ id: string; name: string; budget: number | null; }' is missing the following properties from type '{ id: string; name: string; created_at: Date; updated_at: Date; budget: number | null; type: string; }': created_at, updated_at, type
src/modules/sectors/repositories/prisma/prisma-sectors-repository.ts(29,5): error TS2416: Property 'update' in type 'PrismaSectorsRepository' is not assignable to the same property in base type 'SectorsRepository'.
  Type '(data: SectorUpdateInput) => Promise<{ id: string; name: string; budget: number | null; }>' is not assignable to type '(data: SectorUpdateInput) => Promise<{ id: string; name: string; created_at: Date; updated_at: Date; budget: number | null; type: string; }>'.
    Type 'Promise<{ id: string; name: string; budget: number | null; }>' is not assignable to type 'Promise<{ id: string; name: string; created_at: Date; updated_at: Date; budget: number | null; type: string; }>'.
      Type '{ id: string; name: string; budget: number | null; }' is missing the following properties from type '{ id: string; name: string; created_at: Date; updated_at: Date; budget: number | null; type: string; }': created_at, updated_at, type
src/modules/sectors/repositories/prisma/prisma-sectors-repository.ts(32,5): error TS2416: Property 'findById' in type 'PrismaSectorsRepository' is not assignable to the same property in base type 'SectorsRepository'.
  Type '(id: string) => Promise<{ id: string; name: string; budget: number | null; } | null>' is not assignable to type '(id: string) => Promise<{ id: string; name: string; created_at: Date; updated_at: Date; budget: number | null; type: string; } | null>'.
    Type 'Promise<{ id: string; name: string; budget: number | null; } | null>' is not assignable to type 'Promise<{ id: string; name: string; created_at: Date; updated_at: Date; budget: number | null; type: string; } | null>'.
      Type '{ id: string; name: string; budget: number | null; } | null' is not assignable to type '{ id: string; name: string; created_at: Date; updated_at: Date; budget: number | null; type: string; } | null'.
        Type '{ id: string; name: string; budget: number | null; }' is missing the following properties from type '{ id: string; name: string; created_at: Date; updated_at: Date; budget: number | null; type: string; }': created_at, updated_at, type
src/modules/sectors/repositories/prisma/prisma-sectors-repository.ts(38,11): error TS2416: Property 'findMany' in type 'PrismaSectorsRepository' is not assignable to the same property in base type 'SectorsRepository'.
  Type '() => Promise<{ id: string; name: string; budget: number | null; }[]>' is not assignable to type '() => Promise<{ id: string; name: string; created_at: Date; updated_at: Date; budget: number | null; type: string; }[]>'.
    Type 'Promise<{ id: string; name: string; budget: number | null; }[]>' is not assignable to type 'Promise<{ id: string; name: string; created_at: Date; updated_at: Date; budget: number | null; type: string; }[]>'.
      Type '{ id: string; name: string; budget: number | null; }[]' is not assignable to type '{ id: string; name: string; created_at: Date; updated_at: Date; budget: number | null; type: string; }[]'.
        Type '{ id: string; name: string; budget: number | null; }' is missing the following properties from type '{ id: string; name: string; created_at: Date; updated_at: Date; budget: number | null; type: string; }': created_at, updated_at, type
src/modules/sectors/use-cases/factories/make-get-sectors-use-case.ts(7,52): error TS2345: Argument of type 'PrismaSectorsRepository' is not assignable to parameter of type 'SectorsRepository'.
src/modules/sectors/use-cases/factories/make-sector-use-case.ts(6,45): error TS2345: Argument of type 'PrismaSectorsRepository' is not assignable to parameter of type 'SectorsRepository'.
  Types of property 'update' are incompatible.
    Type '(data: SectorUpdateInput) => Promise<{ id: string; name: string; budget: number | null; }>' is not assignable to type '(data: SectorUpdateInput) => Promise<{ id: string; name: string; created_at: Date; updated_at: Date; budget: number | null; type: string; }>'.
src/modules/sectors/use-cases/get-sectors.spec.ts(14,51): error TS2345: Argument of type 'InMemorySectorsRepository' is not assignable to parameter of type 'SectorsRepository'.
  The types returned by 'create(...)' are incompatible between these types.
    Type 'Promise<{ id: `${string}-${string}-${string}-${string}-${string}`; name: string; budget: number | null; }>' is not assignable to type 'Promise<{ id: string; name: string; created_at: Date; updated_at: Date; budget: number | null; type: string; }>'.
      Type '{ id: `${string}-${string}-${string}-${string}-${string}`; name: string; budget: number | null; }' is missing the following properties from type '{ id: string; name: string; created_at: Date; updated_at: Date; budget: number | null; type: string; }': created_at, updated_at, type
src/modules/sectors/use-cases/sector.spec.ts(18,43): error TS2345: Argument of type 'InMemorySectorsRepository' is not assignable to parameter of type 'SectorsRepository'.
src/modules/sectors/use-cases/sector.spec.ts(22,54): error TS2345: Argument of type '{ name: string; budget: number; }' is not assignable to parameter of type 'SectorUseCaseRequest'.
  Property 'type' is missing in type '{ name: string; budget: number; }' but required in type 'SectorUseCaseRequest'.
src/modules/sectors/use-cases/sector.spec.ts(29,37): error TS2345: Argument of type '{ name: string; budget: number; }' is not assignable to parameter of type 'SectorUseCaseRequest'.
  Property 'type' is missing in type '{ name: string; budget: number; }' but required in type 'SectorUseCaseRequest'.
src/modules/sectors/use-cases/sector.spec.ts(34,44): error TS2345: Argument of type '{ name: string; budget: number; }' is not assignable to parameter of type 'SectorUseCaseRequest'.
  Property 'type' is missing in type '{ name: string; budget: number; }' but required in type 'SectorUseCaseRequest'.
src/modules/services/http/controllers/create.ts(20,60): error TS2345: Argument of type '{ name: string; price: number; description?: string | null | undefined; category?: string | null | undefined; active?: boolean | null | undefined; display_id?: number | null | undefined; estimated_time?: string | ... 1 more ... | undefined; }' is not assignable to parameter of type 'CreateServiceUseCaseRequest'.
  Types of property 'description' are incompatible.
    Type 'string | null | undefined' is not assignable to type 'string | undefined'.
      Type 'null' is not assignable to type 'string | undefined'.
src/modules/services/repositories/in-memory/in-memory-services-repository.ts(46,11): error TS2416: Property 'findMany' in type 'InMemoryServicesRepository' is not assignable to the same property in base type 'ServicesRepository'.
  Type '(page: number, perPage: number, query?: string | undefined) => Promise<{ id: string; name: string; created_at: Date; updated_at: Date; description: string | null; category: string | null; active: boolean | null; display_id: number; price: number; estimated_time: string | null; }[]>' is not assignable to type '(page: number, perPage: number, query?: string | undefined, active?: boolean | undefined) => Promise<{ services: { id: string; name: string; created_at: Date; updated_at: Date; ... 5 more ...; estimated_time: string | null; }[]; count: number; }>'.
    Type 'Promise<{ id: string; name: string; created_at: Date; updated_at: Date; description: string | null; category: string | null; active: boolean | null; display_id: number; price: number; estimated_time: string | null; }[]>' is not assignable to type 'Promise<{ services: { id: string; name: string; created_at: Date; updated_at: Date; description: string | null; category: string | null; active: boolean | null; display_id: number; price: number; estimated_time: string | null; }[]; count: number; }>'.
      Type '{ id: string; name: string; created_at: Date; updated_at: Date; description: string | null; category: string | null; active: boolean | null; display_id: number; price: number; estimated_time: string | null; }[]' is missing the following properties from type '{ services: { id: string; name: string; created_at: Date; updated_at: Date; description: string | null; category: string | null; active: boolean | null; display_id: number; price: number; estimated_time: string | null; }[]; count: number; }': services, count
src/modules/services/use-cases/create-service.spec.ts(11,40): error TS2345: Argument of type 'InMemoryServicesRepository' is not assignable to parameter of type 'ServicesRepository'.
  Types of property 'findMany' are incompatible.
    Type '(page: number, perPage: number, query?: string | undefined) => Promise<{ id: string; name: string; created_at: Date; updated_at: Date; description: string | null; category: string | null; active: boolean | null; display_id: number; price: number; estimated_time: string | null; }[]>' is not assignable to type '(page: number, perPage: number, query?: string | undefined, active?: boolean | undefined) => Promise<{ services: { id: string; name: string; created_at: Date; updated_at: Date; ... 5 more ...; estimated_time: string | null; }[]; count: number; }>'.
src/modules/services/use-cases/get-service-management-data.spec.ts(22,9): error TS2353: Object literal may only specify known properties, and 'amount' does not exist in type '{ id: string; created_at: Date; updated_at: Date; user_id: string | null; status: string; opening_date: Date; ending_date: Date | null; contact: string | null; request: string; observations: string | null; client_id: string | null; equipment_id: string | null; }'.
src/modules/services/use-cases/get-service-management-data.spec.ts(22,27): error TS2339: Property 'amount' does not exist on type 'Partial<{ id: string; created_at: Date; updated_at: Date; user_id: string | null; status: string; opening_date: Date; ending_date: Date | null; contact: string | null; request: string; observations: string | null; client_id: string | null; equipment_id: string | null; }>'.
src/modules/stock/repositories/in-memory/in-memory-inventory-repository.ts(3,10): error TS2305: Module '"@prisma/client"' has no exported member 'Item'.
src/modules/stock/repositories/in-memory/in-memory-inventory-repository.ts(38,70): error TS2339: Property 'item_id' does not exist on type '{ id: string; discount: number | null; product_id: string | null; supply_id: string | null; quantity: number; treatment_id: string; service_id: string | null; salesValue: number | null; stock_id: string | null; }'.
src/modules/stock/repositories/in-memory/in-memory-inventory-repository.ts(49,70): error TS2339: Property 'item_id' does not exist on type '{ id: string; discount: number | null; product_id: string | null; supply_id: string | null; quantity: number; treatment_id: string; service_id: string | null; salesValue: number | null; stock_id: string | null; }'.
src/modules/stock/repositories/in-memory/in-memory-inventory-repository.ts(58,9): error TS2739: Type '{ patrimony: Item; productsSold: number; servicesSold: number; }' is missing the following properties from type 'InventorySummaryData': productsBudget, servicesBudget
src/modules/stock/repositories/in-memory/in-memory-inventory-repository.ts(94,13): error TS2353: Object literal may only specify known properties, and 'amount' does not exist in type '{ id: string; created_at: Date; updated_at: Date; user_id: string | null; status: string; opening_date: Date; ending_date: Date | null; contact: string | null; request: string; observations: string | null; client_id: string | null; equipment_id: string | null; }'.
src/modules/stock/repositories/in-memory/in-memory-inventory-repository.ts(94,31): error TS2339: Property 'amount' does not exist on type 'Partial<{ id: string; created_at: Date; updated_at: Date; user_id: string | null; status: string; opening_date: Date; ending_date: Date | null; contact: string | null; request: string; observations: string | null; client_id: string | null; equipment_id: string | null; }>'.
src/modules/stock/repositories/in-memory/in-memory-inventory-repository.ts(106,13): error TS2353: Object literal may only specify known properties, and 'item_id' does not exist in type '{ id: string; discount: number | null; product_id: string | null; supply_id: string | null; quantity: number; treatment_id: string; service_id: string | null; salesValue: number | null; stock_id: string | null; }'.
src/modules/stock/repositories/in-memory/in-memory-inventory-repository.ts(106,36): error TS2339: Property 'item_id' does not exist on type 'Partial<{ id: string; discount: number | null; product_id: string | null; supply_id: string | null; quantity: number; treatment_id: string; service_id: string | null; salesValue: number | null; stock_id: string | null; }>'.
src/modules/stock/repositories/in-memory/in-memory-stocks-repository.ts(15,61): error TS2339: Property 'item_id' does not exist on type '{ id: string; created_at: Date; operation: StockOperation; description: StockReason | null; product_id: string | null; supply_id: string | null; quantity: number; unit_cost: number | null; }'.
src/modules/stock/repositories/in-memory/in-memory-stocks-repository.ts(38,27): error TS2339: Property 'item_id' does not exist on type 'StockUncheckedCreateInput'.
src/modules/stock/repositories/in-memory/in-memory-stocks-repository.ts(44,25): error TS2345: Argument of type '{ id: `${string}-${string}-${string}-${string}-${string}`; item_id: any; quantity: number; operation: $Enums.StockOperation; description: $Enums.StockReason | null; created_at: Date; }' is not assignable to parameter of type '{ id: string; created_at: Date; operation: StockOperation; description: StockReason | null; product_id: string | null; supply_id: string | null; quantity: number; unit_cost: number | null; }'.
  Type '{ id: `${string}-${string}-${string}-${string}-${string}`; item_id: any; quantity: number; operation: StockOperation; description: StockReason | null; created_at: Date; }' is missing the following properties from type '{ id: string; created_at: Date; operation: StockOperation; description: StockReason | null; product_id: string | null; supply_id: string | null; quantity: number; unit_cost: number | null; }': product_id, supply_id, unit_cost
src/modules/stock/repositories/in-memory/in-memory-stocks-repository.ts(45,9): error TS2322: Type '{ id: `${string}-${string}-${string}-${string}-${string}`; item_id: any; quantity: number; operation: $Enums.StockOperation; description: $Enums.StockReason | null; created_at: Date; }' is not assignable to type '{ id: string; created_at: Date; operation: StockOperation; description: StockReason | null; product_id: string | null; supply_id: string | null; quantity: number; unit_cost: number | null; }'.
src/modules/stock/repositories/in-memory/in-memory-stocks-repository.ts(49,65): error TS2339: Property 'item_id' does not exist on type '{ id: string; created_at: Date; operation: StockOperation; description: StockReason | null; product_id: string | null; supply_id: string | null; quantity: number; unit_cost: number | null; }'.
src/modules/stock/use-cases/decrease-stock.spec.ts(37,57): error TS2345: Argument of type '{ name: string; price: number; stock: number; }' is not assignable to parameter of type 'ProductCreateInput'.
  Property 'display_id' is missing in type '{ name: string; price: number; stock: number; }' but required in type 'ProductCreateInput'.
src/modules/stock/use-cases/get-inventory-summary.spec.ts(49,13): error TS2353: Object literal may only specify known properties, and 'item_id' does not exist in type 'Partial<{ id: string; discount: number | null; product_id: string | null; supply_id: string | null; quantity: number; treatment_id: string; service_id: string | null; salesValue: number | null; stock_id: string | null; }>'.
src/modules/stock/use-cases/get-inventory-summary.spec.ts(56,13): error TS2353: Object literal may only specify known properties, and 'item_id' does not exist in type 'Partial<{ id: string; discount: number | null; product_id: string | null; supply_id: string | null; quantity: number; treatment_id: string; service_id: string | null; salesValue: number | null; stock_id: string | null; }>'.
src/modules/stock/use-cases/get-inventory-summary.spec.ts(64,13): error TS2353: Object literal may only specify known properties, and 'item_id' does not exist in type 'Partial<{ id: string; discount: number | null; product_id: string | null; supply_id: string | null; quantity: number; treatment_id: string; service_id: string | null; salesValue: number | null; stock_id: string | null; }>'.
src/modules/stock/use-cases/get-inventory-summary.spec.ts(134,13): error TS2353: Object literal may only specify known properties, and 'item_id' does not exist in type 'Partial<{ id: string; discount: number | null; product_id: string | null; supply_id: string | null; quantity: number; treatment_id: string; service_id: string | null; salesValue: number | null; stock_id: string | null; }>'.
src/modules/stock/use-cases/get-inventory-summary.spec.ts(142,13): error TS2353: Object literal may only specify known properties, and 'item_id' does not exist in type 'Partial<{ id: string; discount: number | null; product_id: string | null; supply_id: string | null; quantity: number; treatment_id: string; service_id: string | null; salesValue: number | null; stock_id: string | null; }>'.
src/modules/stock/use-cases/get-inventory-summary.spec.ts(170,13): error TS2353: Object literal may only specify known properties, and 'item_id' does not exist in type 'Partial<{ id: string; discount: number | null; product_id: string | null; supply_id: string | null; quantity: number; treatment_id: string; service_id: string | null; salesValue: number | null; stock_id: string | null; }>'.
src/modules/stock/use-cases/get-inventory-summary.spec.ts(208,13): error TS2353: Object literal may only specify known properties, and 'item_id' does not exist in type 'Partial<{ id: string; discount: number | null; product_id: string | null; supply_id: string | null; quantity: number; treatment_id: string; service_id: string | null; salesValue: number | null; stock_id: string | null; }>'.
src/modules/stock/use-cases/get-inventory-summary.spec.ts(216,13): error TS2353: Object literal may only specify known properties, and 'item_id' does not exist in type 'Partial<{ id: string; discount: number | null; product_id: string | null; supply_id: string | null; quantity: number; treatment_id: string; service_id: string | null; salesValue: number | null; stock_id: string | null; }>'.
src/modules/stock/use-cases/get-stock-by-item.spec.ts(28,13): error TS2322: Type '"input"' is not assignable to type 'StockOperation'.
src/modules/stock/use-cases/get-stock-by-item.spec.ts(33,13): error TS2322: Type '"output"' is not assignable to type 'StockOperation'.
src/modules/stock/use-cases/get-stock-by-item.spec.ts(38,13): error TS2322: Type '"input"' is not assignable to type 'StockOperation'.
src/modules/stock/use-cases/get-stock-by-item.spec.ts(44,13): error TS2322: Type '"output"' is not assignable to type 'StockOperation'.
src/modules/stock/use-cases/get-stock-by-item.spec.ts(47,46): error TS2367: This comparison appears to be unintentional because the types 'StockOperation' and '"input"' have no overlap.
src/modules/stock/use-cases/get-stock-by-item.spec.ts(48,47): error TS2367: This comparison appears to be unintentional because the types 'StockOperation' and '"output"' have no overlap.
src/modules/stock/use-cases/register-movement.spec.ts(8,10): error TS2305: Module '"@prisma/client"' has no exported member 'ItemType'.
src/modules/stock/use-cases/register-movement.spec.ts(18,40): error TS2554: Expected 3 arguments, but got 2.
src/modules/stock/use-cases/stock.spec.ts(9,10): error TS2305: Module '"@prisma/client"' has no exported member 'ItemType'.
src/modules/stock/use-cases/stock.spec.ts(19,24): error TS2554: Expected 4 arguments, but got 2.
src/modules/suppliers/repositories/in-memory/in-memory-suppliers-repository.ts(5,14): error TS2420: Class 'InMemorySuppliersRepository' incorrectly implements interface 'SuppliersRepository'.
  Type 'InMemorySuppliersRepository' is missing the following properties from type 'SuppliersRepository': update, delete
src/modules/suppliers/use-cases/get-suppliers.ts(19,69): error TS2339: Property 'findMany' does not exist on type 'SuppliersRepository'.
src/modules/supplies/http/controllers/create.ts(20,58): error TS2345: Argument of type '{ name: string; cost: number; description?: string | null | undefined; category?: string | null | undefined; active?: boolean | null | undefined; stock?: number | null | undefined; unit?: string | ... 1 more ... | undefined; }' is not assignable to parameter of type 'CreateSupplyUseCaseRequest'.
  Types of property 'description' are incompatible.
    Type 'string | null | undefined' is not assignable to type 'string | undefined'.
src/modules/supplies/use-cases/update-supply.spec.ts(36,57): error TS2345: Argument of type '{ name: string; price: number; cost: number; is_composite: true; compositions: { create: { supply: { connect: { id: string; }; }; quantity: number; }[]; }; }' is not assignable to parameter of type 'ProductCreateInput'.
  Property 'display_id' is missing in type '{ name: string; price: number; cost: number; is_composite: true; compositions: { create: { supply: { connect: { id: string; }; }; quantity: number; }[]; }; }' but required in type 'ProductCreateInput'.
src/modules/system-config/system-logic.spec.ts(253,21): error TS2353: Object literal may only specify known properties, and 'amount' does not exist in type 'Without<TreatmentCreateInput, TreatmentUncheckedCreateInput> & TreatmentUncheckedCreateInput'.
src/modules/treatments/http/controllers/updateTreatment.ts(43,58): error TS2339: Property 'message' does not exist on type '{}'.
src/modules/treatments/repositories/in-memory/in-memory-treatmentItems-repository.ts(30,13): error TS2353: Object literal may only specify known properties, and 'item_id' does not exist in type '{ id: string; discount: number | null; product_id: string | null; supply_id: string | null; quantity: number; treatment_id: string; service_id: string | null; salesValue: number | null; stock_id: string | null; } & { ...; }'.
src/modules/treatments/repositories/in-memory/in-memory-treatmentItems-repository.ts(30,27): error TS2339: Property 'item_id' does not exist on type 'TreatmentItemUncheckedCreateInput'.
src/modules/treatments/repositories/in-memory/in-memory-treatments-repository.ts(61,26): error TS2339: Property 'amount' does not exist on type 'TreatmentUncheckedCreateInput'.
src/modules/treatments/repositories/in-memory/in-memory-treatments-repository.ts(64,25): error TS2345: Argument of type '{ id: `${string}-${string}-${string}-${string}-${string}`; request: string; opening_date: Date; ending_date: Date | null; contact: string | null; user_id: string | null; client_id: string | null; equipment_id: string | null; status: string; amount: any; observations: string | null; }' is not assignable to parameter of type '{ id: string; created_at: Date; updated_at: Date; user_id: string | null; status: string; opening_date: Date; ending_date: Date | null; contact: string | null; request: string; observations: string | null; client_id: string | null; equipment_id: string | null; }'.
  Type '{ id: `${string}-${string}-${string}-${string}-${string}`; request: string; opening_date: Date; ending_date: Date | null; contact: string | null; user_id: string | null; client_id: string | null; equipment_id: string | null; status: string; amount: any; observations: string | null; }' is missing the following properties from type '{ id: string; created_at: Date; updated_at: Date; user_id: string | null; status: string; opening_date: Date; ending_date: Date | null; contact: string | null; request: string; observations: string | null; client_id: string | null; equipment_id: string | null; }': created_at, updated_at
src/modules/treatments/repositories/in-memory/in-memory-treatments-repository.ts(65,9): error TS2322: Type '{ id: `${string}-${string}-${string}-${string}-${string}`; request: string; opening_date: Date; ending_date: Date | null; contact: string | null; user_id: string | null; client_id: string | null; equipment_id: string | null; status: string; amount: any; observations: string | null; }' is not assignable to type '{ id: string; created_at: Date; updated_at: Date; user_id: string | null; status: string; opening_date: Date; ending_date: Date | null; contact: string | null; request: string; observations: string | null; client_id: string | null; equipment_id: string | null; }'.
src/modules/treatments/repositories/in-memory/in-memory-treatments-repository.ts(85,11): error TS2416: Property 'findById' in type 'InMemoryTreatmentsRepository' is not assignable to the same property in base type 'TreatmentsRepository'.
  Type '(id: string) => Promise<{ id: string; created_at: Date; updated_at: Date; user_id: string | null; status: string; opening_date: Date; ending_date: Date | null; contact: string | null; request: string; observations: string | null; client_id: string | null; equipment_id: string | null; } | null>' is not assignable to type '(id: string) => Promise<({ id: string; created_at: Date; updated_at: Date; user_id: string | null; status: string; opening_date: Date; ending_date: Date | null; contact: string | null; request: string; observations: string | null; client_id: string | null; equipment_id: string | null; } & { ...; }) | null>'.
    Type 'Promise<{ id: string; created_at: Date; updated_at: Date; user_id: string | null; status: string; opening_date: Date; ending_date: Date | null; contact: string | null; request: string; observations: string | null; client_id: string | null; equipment_id: string | null; } | null>' is not assignable to type 'Promise<({ id: string; created_at: Date; updated_at: Date; user_id: string | null; status: string; opening_date: Date; ending_date: Date | null; contact: string | null; request: string; observations: string | null; client_id: string | null; equipment_id: string | null; } & { ...; }) | null>'.
      Type '{ id: string; created_at: Date; updated_at: Date; user_id: string | null; status: string; opening_date: Date; ending_date: Date | null; contact: string | null; request: string; observations: string | null; client_id: string | null; equipment_id: string | null; } | null' is not assignable to type '({ id: string; created_at: Date; updated_at: Date; user_id: string | null; status: string; opening_date: Date; ending_date: Date | null; contact: string | null; request: string; observations: string | null; client_id: string | null; equipment_id: string | null; } & { ...; }) | null'.
        Type '{ id: string; created_at: Date; updated_at: Date; user_id: string | null; status: string; opening_date: Date; ending_date: Date | null; contact: string | null; request: string; observations: string | null; client_id: string | null; equipment_id: string | null; }' is not assignable to type '{ id: string; created_at: Date; updated_at: Date; user_id: string | null; status: string; opening_date: Date; ending_date: Date | null; contact: string | null; request: string; observations: string | null; client_id: string | null; equipment_id: string | null; } & { ...; }'.
          Property 'amount' is missing in type '{ id: string; created_at: Date; updated_at: Date; user_id: string | null; status: string; opening_date: Date; ending_date: Date | null; contact: string | null; request: string; observations: string | null; client_id: string | null; equipment_id: string | null; }' but required in type '{ amount: number; }'.
src/modules/treatments/use-cases/factories/make-treatment-use-case.ts(15,114): error TS2345: Argument of type 'PrismaUsersRepository' is not assignable to parameter of type 'UsersRepository'.
src/modules/treatments/use-cases/finish-treatment.spec.ts(40,15): error TS2554: Expected 6 arguments, but got 5.
src/modules/treatments/use-cases/finish-treatment.spec.ts(66,13): error TS2353: Object literal may only specify known properties, and 'amount' does not exist in type 'TreatmentUncheckedCreateInput'.
src/modules/treatments/use-cases/finish-treatment.spec.ts(113,29): error TS2339: Property 'stock' does not exist on type 'ItemWithExtensions'.
src/modules/treatments/use-cases/finish-treatment.spec.ts(136,13): error TS2353: Object literal may only specify known properties, and 'amount' does not exist in type 'TreatmentUncheckedCreateInput'.
src/modules/treatments/use-cases/finish-treatment.spec.ts(177,13): error TS2353: Object literal may only specify known properties, and 'amount' does not exist in type 'TreatmentUncheckedCreateInput'.
src/modules/treatments/use-cases/finish-treatment.spec.ts(225,28): error TS2339: Property 'stock' does not exist on type 'ItemWithExtensions'.
src/modules/treatments/use-cases/finish-treatment.spec.ts(236,13): error TS2353: Object literal may only specify known properties, and 'amount' does not exist in type 'TreatmentUncheckedCreateInput'.
src/modules/treatments/use-cases/finish-treatment.spec.ts(254,13): error TS2353: Object literal may only specify known properties, and 'amount' does not exist in type 'TreatmentUncheckedCreateInput'.
src/modules/treatments/use-cases/finish-treatment.ts(147,29): error TS2353: Object literal may only specify known properties, and 'date' does not exist in type 'TransactionUncheckedCreateInput'.
src/modules/treatments/use-cases/get-treatments.spec.ts(14,57): error TS2345: Argument of type 'InMemoryTreatmentsRepository' is not assignable to parameter of type 'TreatmentsRepository'.
  Types of property 'findById' are incompatible.
    Type '(id: string) => Promise<{ id: string; created_at: Date; updated_at: Date; user_id: string | null; status: string; opening_date: Date; ending_date: Date | null; contact: string | null; request: string; observations: string | null; client_id: string | null; equipment_id: string | null; } | null>' is not assignable to type '(id: string) => Promise<({ id: string; created_at: Date; updated_at: Date; user_id: string | null; status: string; opening_date: Date; ending_date: Date | null; contact: string | null; request: string; observations: string | null; client_id: string | null; equipment_id: string | null; } & { ...; }) | null>'.
src/modules/treatments/use-cases/get-treatments.spec.ts(36,57): error TS2554: Expected 1 arguments, but got 0.
src/modules/treatments/use-cases/get-treatments.spec.ts(37,43): error TS18047: 'treatments' is possibly 'null'.
src/modules/treatments/use-cases/get-treatments.spec.ts(38,16): error TS18047: 'treatments' is possibly 'null'.
src/modules/treatments/use-cases/remove-treatment-item.spec.ts(22,95): error TS2345: Argument of type 'InMemoryTreatmentsRepository' is not assignable to parameter of type 'TreatmentsRepository'.
src/modules/treatments/use-cases/remove-treatment-item.spec.ts(36,13): error TS2353: Object literal may only specify known properties, and 'item_id' does not exist in type 'TreatmentItemUncheckedCreateInput'.
src/modules/treatments/use-cases/remove-treatment-item.spec.ts(61,13): error TS2353: Object literal may only specify known properties, and 'item_id' does not exist in type 'TreatmentItemUncheckedCreateInput'.
src/modules/treatments/use-cases/treatment.spec.ts(24,49): error TS2345: Argument of type 'InMemoryTreatmentsRepository' is not assignable to parameter of type 'TreatmentsRepository'.
src/modules/treatments/use-cases/treatmentItem.spec.ts(22,32): error TS2554: Expected 6 arguments, but got 4.
src/modules/users/http/controllers/register.ts(24,13): error TS2322: Type 'string | undefined' is not assignable to type 'Role | undefined'.
  Type 'string' is not assignable to type 'Role | undefined'.
src/modules/users/repositories/in-memory/in-memory-addressess-repository.ts(8,11): error TS2416: Property 'update' in type 'InMemoryAddressessRepository' is not assignable to the same property in base type 'AddressesRepository'.
  Type '(data: AddressUncheckedUpdateInput) => Promise<{ id: string; client_id: string; street: string; number: number; neighborhood: string; city: string; state: string; zipcode: number | null; }>' is not assignable to type '(data: AddressUncheckedUpdateInput) => Promise<{ number: number; id: string; created_at: Date; updated_at: Date; client_id: string; street: string; ... 4 more ...; is_main: boolean; }>'.
    Type 'Promise<{ id: string; client_id: string; street: string; number: number; neighborhood: string; city: string; state: string; zipcode: number | null; }>' is not assignable to type 'Promise<{ number: number; id: string; created_at: Date; updated_at: Date; client_id: string; street: string; neighborhood: string; city: string; state: string; zipcode: number | null; is_main: boolean; }>'.
      Type '{ id: string; client_id: string; street: string; number: number; neighborhood: string; city: string; state: string; zipcode: number | null; }' is missing the following properties from type '{ number: number; id: string; created_at: Date; updated_at: Date; client_id: string; street: string; neighborhood: string; city: string; state: string; zipcode: number | null; is_main: boolean; }': created_at, updated_at, is_main
src/modules/users/repositories/in-memory/in-memory-addressess-repository.ts(15,11): error TS2416: Property 'findByDetails' in type 'InMemoryAddressessRepository' is not assignable to the same property in base type 'AddressesRepository'.
  Type '(neighborhood?: string | undefined, city?: string | undefined) => Promise<{ id: string; client_id: string; street: string; number: number; neighborhood: string; city: string; state: string; zipcode: number | null; }[] | null>' is not assignable to type '(neighborhood?: string | undefined, city?: string | undefined) => Promise<{ number: number; id: string; created_at: Date; updated_at: Date; client_id: string; street: string; neighborhood: string; city: string; state: string; zipcode: number | null; is_main: boolean; }[] | null>'.
    Type 'Promise<{ id: string; client_id: string; street: string; number: number; neighborhood: string; city: string; state: string; zipcode: number | null; }[] | null>' is not assignable to type 'Promise<{ number: number; id: string; created_at: Date; updated_at: Date; client_id: string; street: string; neighborhood: string; city: string; state: string; zipcode: number | null; is_main: boolean; }[] | null>'.
      Type '{ id: string; client_id: string; street: string; number: number; neighborhood: string; city: string; state: string; zipcode: number | null; }[] | null' is not assignable to type '{ number: number; id: string; created_at: Date; updated_at: Date; client_id: string; street: string; neighborhood: string; city: string; state: string; zipcode: number | null; is_main: boolean; }[] | null'.
        Type '{ id: string; client_id: string; street: string; number: number; neighborhood: string; city: string; state: string; zipcode: number | null; }[]' is not assignable to type '{ number: number; id: string; created_at: Date; updated_at: Date; client_id: string; street: string; neighborhood: string; city: string; state: string; zipcode: number | null; is_main: boolean; }[]'.
          Type '{ id: string; client_id: string; street: string; number: number; neighborhood: string; city: string; state: string; zipcode: number | null; }' is missing the following properties from type '{ number: number; id: string; created_at: Date; updated_at: Date; client_id: string; street: string; neighborhood: string; city: string; state: string; zipcode: number | null; is_main: boolean; }': created_at, updated_at, is_main
src/modules/users/repositories/in-memory/in-memory-addressess-repository.ts(29,11): error TS2416: Property 'findByClientId' in type 'InMemoryAddressessRepository' is not assignable to the same property in base type 'AddressesRepository'.
  Type '(client_id: string) => Promise<{ number: number; id: string; created_at: Date; updated_at: Date; client_id: string; street: string; neighborhood: string; city: string; state: string; zipcode: number | null; is_main: boolean; } | null>' is not assignable to type '(client_id: string) => Promise<{ number: number; id: string; created_at: Date; updated_at: Date; client_id: string; street: string; neighborhood: string; city: string; state: string; zipcode: number | null; is_main: boolean; }[] | null>'.
    Type 'Promise<{ number: number; id: string; created_at: Date; updated_at: Date; client_id: string; street: string; neighborhood: string; city: string; state: string; zipcode: number | null; is_main: boolean; } | null>' is not assignable to type 'Promise<{ number: number; id: string; created_at: Date; updated_at: Date; client_id: string; street: string; neighborhood: string; city: string; state: string; zipcode: number | null; is_main: boolean; }[] | null>'.
      Type '{ number: number; id: string; created_at: Date; updated_at: Date; client_id: string; street: string; neighborhood: string; city: string; state: string; zipcode: number | null; is_main: boolean; } | null' is not assignable to type '{ number: number; id: string; created_at: Date; updated_at: Date; client_id: string; street: string; neighborhood: string; city: string; state: string; zipcode: number | null; is_main: boolean; }[] | null'.
        Type '{ number: number; id: string; created_at: Date; updated_at: Date; client_id: string; street: string; neighborhood: string; city: string; state: string; zipcode: number | null; is_main: boolean; }' is missing the following properties from type '{ number: number; id: string; created_at: Date; updated_at: Date; client_id: string; street: string; neighborhood: string; city: string; state: string; zipcode: number | null; is_main: boolean; }[]': length, pop, push, concat, and 29 more.
src/modules/users/repositories/in-memory/in-memory-addressess-repository.ts(37,11): error TS2416: Property 'create' in type 'InMemoryAddressessRepository' is not assignable to the same property in base type 'AddressesRepository'.
  Type '(data: AddressUncheckedCreateInput) => Promise<{ id: `${string}-${string}-${string}-${string}-${string}`; street: string; number: number; neighborhood: string; city: string; state: string; zipcode: number | null; client_id: string; }>' is not assignable to type '(data: AddressUncheckedCreateInput) => Promise<{ number: number; id: string; created_at: Date; updated_at: Date; client_id: string; street: string; ... 4 more ...; is_main: boolean; }>'.
    Type 'Promise<{ id: `${string}-${string}-${string}-${string}-${string}`; street: string; number: number; neighborhood: string; city: string; state: string; zipcode: number | null; client_id: string; }>' is not assignable to type 'Promise<{ number: number; id: string; created_at: Date; updated_at: Date; client_id: string; street: string; neighborhood: string; city: string; state: string; zipcode: number | null; is_main: boolean; }>'.
      Type '{ id: `${string}-${string}-${string}-${string}-${string}`; street: string; number: number; neighborhood: string; city: string; state: string; zipcode: number | null; client_id: string; }' is missing the following properties from type '{ number: number; id: string; created_at: Date; updated_at: Date; client_id: string; street: string; neighborhood: string; city: string; state: string; zipcode: number | null; is_main: boolean; }': created_at, updated_at, is_main
src/modules/users/repositories/in-memory/in-memory-addressess-repository.ts(48,25): error TS2345: Argument of type '{ id: `${string}-${string}-${string}-${string}-${string}`; street: string; number: number; neighborhood: string; city: string; state: string; zipcode: number | null; client_id: string; }' is not assignable to parameter of type '{ number: number; id: string; created_at: Date; updated_at: Date; client_id: string; street: string; neighborhood: string; city: string; state: string; zipcode: number | null; is_main: boolean; }'.
src/modules/users/repositories/in-memory/in-memory-users-repository.ts(24,11): error TS2416: Property 'create' in type 'InMemoryUsersRepository' is not assignable to the same property in base type 'UsersRepository'.
  Type '(data: UserCreateInput) => Promise<{ id: `${string}-${string}-${string}-${string}-${string}`; name: string; email: string; password_hash: string; role: Role; introduction: string | null; create_at: Date; }>' is not assignable to type '(data: UserCreateInput) => Promise<{ id: string; name: string; role: Role; created_at: Date; updated_at: Date; email: string; password_hash: string; introduction: string | null; }>'.
    Type 'Promise<{ id: `${string}-${string}-${string}-${string}-${string}`; name: string; email: string; password_hash: string; role: Role; introduction: string | null; create_at: Date; }>' is not assignable to type 'Promise<{ id: string; name: string; role: Role; created_at: Date; updated_at: Date; email: string; password_hash: string; introduction: string | null; }>'.
      Type '{ id: `${string}-${string}-${string}-${string}-${string}`; name: string; email: string; password_hash: string; role: Role; introduction: string | null; create_at: Date; }' is missing the following properties from type '{ id: string; name: string; role: Role; created_at: Date; updated_at: Date; email: string; password_hash: string; introduction: string | null; }': created_at, updated_at
src/modules/users/repositories/in-memory/in-memory-users-repository.ts(34,25): error TS2345: Argument of type '{ id: `${string}-${string}-${string}-${string}-${string}`; name: string; email: string; password_hash: string; role: $Enums.Role; introduction: string | null; create_at: Date; }' is not assignable to parameter of type '{ id: string; name: string; role: Role; created_at: Date; updated_at: Date; email: string; password_hash: string; introduction: string | null; }'.
src/modules/users/repositories/prisma/prisma-addresses-repository.ts(7,5): error TS2416: Property 'update' in type 'PrismaAddressesRepository' is not assignable to the same property in base type 'AddressesRepository'.
  Type '(data: AddressUncheckedUpdateInput) => Promise<{ id: string; client_id: string; street: string; number: number; neighborhood: string; city: string; state: string; zipcode: number | null; }>' is not assignable to type '(data: AddressUncheckedUpdateInput) => Promise<{ number: number; id: string; created_at: Date; updated_at: Date; client_id: string; street: string; ... 4 more ...; is_main: boolean; }>'.
    Type 'Promise<{ id: string; client_id: string; street: string; number: number; neighborhood: string; city: string; state: string; zipcode: number | null; }>' is not assignable to type 'Promise<{ number: number; id: string; created_at: Date; updated_at: Date; client_id: string; street: string; neighborhood: string; city: string; state: string; zipcode: number | null; is_main: boolean; }>'.
      Type '{ id: string; client_id: string; street: string; number: number; neighborhood: string; city: string; state: string; zipcode: number | null; }' is missing the following properties from type '{ number: number; id: string; created_at: Date; updated_at: Date; client_id: string; street: string; neighborhood: string; city: string; state: string; zipcode: number | null; is_main: boolean; }': created_at, updated_at, is_main
src/modules/users/repositories/prisma/prisma-addresses-repository.ts(10,11): error TS2416: Property 'findByDetails' in type 'PrismaAddressesRepository' is not assignable to the same property in base type 'AddressesRepository'.
  Type '(neighborhood?: string | undefined, city?: string | undefined) => Promise<{ id: string; client_id: string; street: string; number: number; neighborhood: string; city: string; state: string; zipcode: number | null; }[] | null>' is not assignable to type '(neighborhood?: string | undefined, city?: string | undefined) => Promise<{ number: number; id: string; created_at: Date; updated_at: Date; client_id: string; street: string; neighborhood: string; city: string; state: string; zipcode: number | null; is_main: boolean; }[] | null>'.
    Type 'Promise<{ id: string; client_id: string; street: string; number: number; neighborhood: string; city: string; state: string; zipcode: number | null; }[] | null>' is not assignable to type 'Promise<{ number: number; id: string; created_at: Date; updated_at: Date; client_id: string; street: string; neighborhood: string; city: string; state: string; zipcode: number | null; is_main: boolean; }[] | null>'.
      Type '{ id: string; client_id: string; street: string; number: number; neighborhood: string; city: string; state: string; zipcode: number | null; }[] | null' is not assignable to type '{ number: number; id: string; created_at: Date; updated_at: Date; client_id: string; street: string; neighborhood: string; city: string; state: string; zipcode: number | null; is_main: boolean; }[] | null'.
        Type '{ id: string; client_id: string; street: string; number: number; neighborhood: string; city: string; state: string; zipcode: number | null; }[]' is not assignable to type '{ number: number; id: string; created_at: Date; updated_at: Date; client_id: string; street: string; neighborhood: string; city: string; state: string; zipcode: number | null; is_main: boolean; }[]'.
          Type '{ id: string; client_id: string; street: string; number: number; neighborhood: string; city: string; state: string; zipcode: number | null; }' is missing the following properties from type '{ number: number; id: string; created_at: Date; updated_at: Date; client_id: string; street: string; neighborhood: string; city: string; state: string; zipcode: number | null; is_main: boolean; }': created_at, updated_at, is_main
src/modules/users/repositories/prisma/prisma-users-repository.ts(7,11): error TS2416: Property 'update' in type 'PrismaUsersRepository' is not assignable to the same property in base type 'UsersRepository'.
  Type '(id: string, data: UserUpdateInput) => Promise<{ id: string; name: string; role: Role; email: string; password_hash: string; introduction: string | null; }>' is not assignable to type '(id: string, data: UserUpdateWithoutInteractionsInput) => Promise<{ id: string; name: string; role: Role; created_at: Date; updated_at: Date; email: string; password_hash: string; introduction: string | null; }>'.
    Type 'Promise<{ id: string; name: string; role: Role; email: string; password_hash: string; introduction: string | null; }>' is not assignable to type 'Promise<{ id: string; name: string; role: Role; created_at: Date; updated_at: Date; email: string; password_hash: string; introduction: string | null; }>'.
      Type '{ id: string; name: string; role: Role; email: string; password_hash: string; introduction: string | null; }' is missing the following properties from type '{ id: string; name: string; role: Role; created_at: Date; updated_at: Date; email: string; password_hash: string; introduction: string | null; }': created_at, updated_at
src/modules/users/use-cases/address.spec.ts(20,45): error TS2345: Argument of type 'InMemoryAddressessRepository' is not assignable to parameter of type 'AddressesRepository'.
  The types returned by 'create(...)' are incompatible between these types.
    Type 'Promise<{ id: `${string}-${string}-${string}-${string}-${string}`; street: string; number: number; neighborhood: string; city: string; state: string; zipcode: number | null; client_id: string; }>' is not assignable to type 'Promise<{ number: number; id: string; created_at: Date; updated_at: Date; client_id: string; street: string; neighborhood: string; city: string; state: string; zipcode: number | null; is_main: boolean; }>'.
      Type '{ id: `${string}-${string}-${string}-${string}-${string}`; street: string; number: number; neighborhood: string; city: string; state: string; zipcode: number | null; client_id: string; }' is missing the following properties from type '{ number: number; id: string; created_at: Date; updated_at: Date; client_id: string; street: string; neighborhood: string; city: string; state: string; zipcode: number | null; is_main: boolean; }': created_at, updated_at, is_main
src/modules/users/use-cases/authenticate.spec.ts(14,39): error TS2345: Argument of type 'InMemoryUsersRepository' is not assignable to parameter of type 'UsersRepository'.
  Property 'update' is missing in type 'InMemoryUsersRepository' but required in type 'UsersRepository'.
src/modules/users/use-cases/factories/make-address-use-case.ts(11,47): error TS2345: Argument of type 'PrismaAddressesRepository' is not assignable to parameter of type 'AddressesRepository'.
  Types of property 'update' are incompatible.
    Type '(data: AddressUncheckedUpdateInput) => Promise<{ id: string; client_id: string; street: string; number: number; neighborhood: string; city: string; state: string; zipcode: number | null; }>' is not assignable to type '(data: AddressUncheckedUpdateInput) => Promise<{ number: number; id: string; created_at: Date; updated_at: Date; client_id: string; street: string; ... 4 more ...; is_main: boolean; }>'.
src/modules/users/use-cases/factories/make-authenticate-use-case.ts(8,57): error TS2345: Argument of type 'PrismaUsersRepository' is not assignable to parameter of type 'UsersRepository'.
src/modules/users/use-cases/factories/make-get-user-profile-use-case.ts(6,61): error TS2345: Argument of type 'PrismaUsersRepository' is not assignable to parameter of type 'UsersRepository'.
src/modules/users/use-cases/factories/make-register-use-case.ts(7,49): error TS2345: Argument of type 'PrismaUsersRepository' is not assignable to parameter of type 'UsersRepository'.
  Types of property 'update' are incompatible.
    Type '(id: string, data: UserUpdateInput) => Promise<{ id: string; name: string; role: Role; email: string; password_hash: string; introduction: string | null; }>' is not assignable to type '(id: string, data: UserUpdateWithoutInteractionsInput) => Promise<{ id: string; name: string; role: Role; created_at: Date; updated_at: Date; email: string; password_hash: string; introduction: string | null; }>'.
src/modules/users/use-cases/factories/make-update-profile-use-case.ts(7,54): error TS2345: Argument of type 'PrismaUsersRepository' is not assignable to parameter of type 'UsersRepository'.
src/modules/users/use-cases/get-user-profile.spec.ts(14,41): error TS2345: Argument of type 'InMemoryUsersRepository' is not assignable to parameter of type 'UsersRepository'.
src/modules/users/use-cases/register.spec.ts(16,47): error TS2345: Argument of type 'InMemoryUsersRepository' is not assignable to parameter of type 'UsersRepository'.
src/modules/users/use-cases/register.ts(42,13): error TS2322: Type 'Role | undefined' is not assignable to type 'import("C:/Users/Thom\u00E1s Furtado/Documents/GitHub/metrics-node/node_modules/.prisma/client/index").$Enums.Role | undefined'.
  Type 'Role.ADMIN' is not assignable to type 'Role | undefined'.
